Component: ARM Compiler 5.06 update 7 (build 960) Tool: armlink [4d3601]

==============================================================================

Section Cross References

    stm32f10x_it.o(i.EXTI1_IRQHandler) refers to stm32f10x_exti.o(i.EXTI_GetITStatus) for EXTI_GetITStatus
    stm32f10x_it.o(i.EXTI1_IRQHandler) refers to stm32_eval.o(i.HAL_GetTick) for HAL_GetTick
    stm32f10x_it.o(i.EXTI1_IRQHandler) refers to deca_device.o(i.dwt_setautorxreenable) for dwt_setautorxreenable
    stm32f10x_it.o(i.EXTI1_IRQHandler) refers to deca_device.o(i.dwt_forcetrxoff) for dwt_forcetrxoff
    stm32f10x_it.o(i.EXTI1_IRQHandler) refers to deca_device.o(i.dwt_write32bitoffsetreg) for dwt_write32bitoffsetreg
    stm32f10x_it.o(i.EXTI1_IRQHandler) refers to stm32f10x_gpio.o(i.GPIO_ResetBits) for GPIO_ResetBits
    stm32f10x_it.o(i.EXTI1_IRQHandler) refers to stm32f10x_exti.o(i.EXTI_ClearITPendingBit) for EXTI_ClearITPendingBit
    stm32f10x_it.o(i.EXTI1_IRQHandler) refers to stm32f10x_it.o(.data) for .data
    stm32f10x_it.o(i.HardFault_Handler) refers to printfa.o(i.__0printf) for __2printf
    stm32f10x_it.o(i.SysTick_Handler) refers to stm32f10x_it.o(.data) for .data
    main.o(i.Anchor_Array_Init) refers to main.o(.bss) for .bss
    main.o(i.Semaphore_Init) refers to lib.o(.data) for Semaphore
    main.o(i.Sum_Tag_Semaphore_request) refers to lib.o(.data) for SLAVE_TAG_START_INDEX
    main.o(i.Tag_Measure_Dis) refers to deca_device.o(i.dwt_setrxaftertxdelay) for dwt_setrxaftertxdelay
    main.o(i.Tag_Measure_Dis) refers to deca_device.o(i.dwt_setrxtimeout) for dwt_setrxtimeout
    main.o(i.Tag_Measure_Dis) refers to deca_device.o(i.dwt_writetxdata) for dwt_writetxdata
    main.o(i.Tag_Measure_Dis) refers to deca_device.o(i.dwt_writetxfctrl) for dwt_writetxfctrl
    main.o(i.Tag_Measure_Dis) refers to deca_device.o(i.dwt_starttx) for dwt_starttx
    main.o(i.Tag_Measure_Dis) refers to deca_device.o(i.dwt_rxenable) for dwt_rxenable
    main.o(i.Tag_Measure_Dis) refers to port.o(i.portGetTickCnt) for portGetTickCnt
    main.o(i.Tag_Measure_Dis) refers to deca_device.o(i.dwt_read32bitoffsetreg) for dwt_read32bitoffsetreg
    main.o(i.Tag_Measure_Dis) refers to stm32f10x_gpio.o(i.GPIO_SetBits) for GPIO_SetBits
    main.o(i.Tag_Measure_Dis) refers to deca_device.o(i.dwt_write32bitoffsetreg) for dwt_write32bitoffsetreg
    main.o(i.Tag_Measure_Dis) refers to deca_device.o(i.dwt_readrxdata) for dwt_readrxdata
    main.o(i.Tag_Measure_Dis) refers to memcmp.o(.text) for memcmp
    main.o(i.Tag_Measure_Dis) refers to lib.o(i.get_tx_timestamp_u64) for get_tx_timestamp_u64
    main.o(i.Tag_Measure_Dis) refers to lib.o(i.get_rx_timestamp_u64) for get_rx_timestamp_u64
    main.o(i.Tag_Measure_Dis) refers to deca_device.o(i.dwt_setdelayedtrxtime) for dwt_setdelayedtrxtime
    main.o(i.Tag_Measure_Dis) refers to main.o(i.final_msg_set_ts) for final_msg_set_ts
    main.o(i.Tag_Measure_Dis) refers to main.o(i.distance_mange) for distance_mange
    main.o(i.Tag_Measure_Dis) refers to main.o(.data) for .data
    main.o(i.Tag_Measure_Dis) refers to lib.o(.data) for TAG_ID
    main.o(i.Tag_Measure_Dis) refers to main.o(.bss) for .bss
    main.o(i.compute_angle_send_to_anthor0) refers to deca_device.o(i.dwt_writetxdata) for dwt_writetxdata
    main.o(i.compute_angle_send_to_anthor0) refers to deca_device.o(i.dwt_writetxfctrl) for dwt_writetxfctrl
    main.o(i.compute_angle_send_to_anthor0) refers to deca_device.o(i.dwt_starttx) for dwt_starttx
    main.o(i.compute_angle_send_to_anthor0) refers to deca_device.o(i.dwt_read32bitoffsetreg) for dwt_read32bitoffsetreg
    main.o(i.compute_angle_send_to_anthor0) refers to main.o(.data) for .data
    main.o(i.compute_angle_send_to_anthor0) refers to lib.o(.data) for TAG_ID
    main.o(i.distance_mange) refers to main.o(i.filter) for filter
    main.o(i.distance_mange) refers to main.o(i.compute_angle_send_to_anthor0) for compute_angle_send_to_anthor0
    main.o(i.distance_mange) refers to fflti.o(.text) for __aeabi_i2f
    main.o(i.distance_mange) refers to fdiv.o(.text) for __aeabi_fdiv
    main.o(i.distance_mange) refers to f2d.o(.text) for __aeabi_f2d
    main.o(i.distance_mange) refers to printfa.o(i.__0sprintf) for __2sprintf
    main.o(i.distance_mange) refers to printfa.o(i.__0printf) for __2printf
    main.o(i.distance_mange) refers to lcd_oled.o(i.OLED_ShowString) for OLED_ShowString
    main.o(i.distance_mange) refers to main.o(.bss) for .bss
    main.o(i.distance_mange) refers to lib.o(.bss) for dist_str
    main.o(i.dwt_dumpregisters) refers to deca_device.o(i.dwt_read32bitoffsetreg) for dwt_read32bitoffsetreg
    main.o(i.dwt_dumpregisters) refers to printfa.o(i.__0sprintf) for __2sprintf
    main.o(i.filter) refers to main.o(.bss) for .bss
    main.o(i.fputc) refers to stm32f10x_usart.o(i.USART_ClearFlag) for USART_ClearFlag
    main.o(i.fputc) refers to stm32f10x_usart.o(i.USART_SendData) for USART_SendData
[...]
    i.dwt_syncrxbufptrs                      0x08004310   Section        0  deca_device.o(i.dwt_syncrxbufptrs)
    i.dwt_write16bitoffsetreg                0x08004344   Section        0  deca_device.o(i.dwt_write16bitoffsetreg)
    i.dwt_write32bitoffsetreg                0x0800435e   Section        0  deca_device.o(i.dwt_write32bitoffsetreg)
    i.dwt_writetodevice                      0x0800437c   Section        0  deca_device.o(i.dwt_writetodevice)
    i.dwt_writetxdata                        0x080043ba   Section        0  deca_device.o(i.dwt_writetxdata)
    i.dwt_writetxfctrl                       0x080043dc   Section        0  deca_device.o(i.dwt_writetxfctrl)
    i.dwt_xtaltrim                           0x080043f8   Section        0  deca_device.o(i.dwt_xtaltrim)
    i.final_msg_get_ts                       0x08004428   Section        0  lib.o(i.final_msg_get_ts)
    final_msg_get_ts                         0x08004429   Thumb Code    26  lib.o(i.final_msg_get_ts)
    i.fputc                                  0x08004444   Section        0  main.o(i.fputc)
    i.get_rx_timestamp_u64                   0x08004470   Section        0  lib.o(i.get_rx_timestamp_u64)
    i.get_tx_timestamp_u64                   0x08004496   Section        0  lib.o(i.get_tx_timestamp_u64)
    i.hal_i2c1_read_data                     0x080044bc   Section        0  lcd_oled.o(i.hal_i2c1_read_data)
    i.hal_i2c1_send_data                     0x0800460c   Section        0  lcd_oled.o(i.hal_i2c1_send_data)
    i.hal_i2c1_send_data1                    0x08004640   Section        0  lcd_oled.o(i.hal_i2c1_send_data1)
    i.main                                   0x080046ec   Section        0  main.o(i.main)
    i.peripherals_init                       0x080048d4   Section        0  port.o(i.peripherals_init)
    i.portGetTickCnt                         0x0800491c   Section        0  port.o(i.portGetTickCnt)
    i.pow                                    0x08004928   Section        0  pow.o(i.pow)
    i.putc                                   0x08005300   Section        0  putc.o(i.putc)
    i.putchar                                0x08005304   Section        0  putchar.o(i.putchar)
    i.readfromspi_serial                     0x08005310   Section        0  deca_spi.o(i.readfromspi_serial)
    i.reset_DW1000                           0x0800538c   Section        0  port.o(i.reset_DW1000)
    i.setup_DW1000ServerIRQ                  0x080053d8   Section        0  port.o(i.setup_DW1000ServerIRQ)
    i.spi_set_rate_high                      0x0800543c   Section        0  port.o(i.spi_set_rate_high)
    i.spi_set_rate_low                       0x08005442   Section        0  port.o(i.spi_set_rate_low)
    i.sqrt                                   0x08005448   Section        0  sqrt.o(i.sqrt)
    i.string_split                           0x08005494   Section        0  stm32_eval.o(i.string_split)
    i.usartinit                              0x080054b0   Section        0  port.o(i.usartinit)
    i.writetospi_serial                      0x080054dc   Section        0  deca_spi.o(i.writetospi_serial)
    .constdata                               0x08005540   Section        6  main.o(.constdata)
    .constdata                               0x08005548   Section      176  stm32_eval.o(.constdata)
    .constdata                               0x080055f8   Section     1520  lcd_oled.o(.constdata)
    .constdata                               0x08005be8   Section        8  deca_params_init.o(.constdata)
    .constdata                               0x08005bf0   Section       24  deca_params_init.o(.constdata)
    .constdata                               0x08005c08   Section       30  deca_params_init.o(.constdata)
    .constdata                               0x08005c26   Section        2  deca_params_init.o(.constdata)
    .constdata                               0x08005c28   Section        8  deca_params_init.o(.constdata)
    .constdata                               0x08005c30   Section        3  deca_params_init.o(.constdata)
    .constdata                               0x08005c34   Section       12  deca_params_init.o(.constdata)
    .constdata                               0x08005c40   Section        4  deca_params_init.o(.constdata)
    .constdata                               0x08005c44   Section       32  deca_params_init.o(.constdata)
    .constdata                               0x08005c64   Section       50  deca_params_init.o(.constdata)
    .constdata                               0x08005c96   Section      522  deca_range_tables.o(.constdata)
    .constdata                               0x08005ea0   Section       80  asin.o(.constdata)
    pS                                       0x08005ea0   Data          48  asin.o(.constdata)
    qS                                       0x08005ed0   Data          32  asin.o(.constdata)
    .constdata                               0x08005ef0   Section      136  pow.o(.constdata)
    bp                                       0x08005ef0   Data          16  pow.o(.constdata)
    dp_h                                     0x08005f00   Data          16  pow.o(.constdata)
    dp_l                                     0x08005f10   Data          16  pow.o(.constdata)
    L                                        0x08005f20   Data          48  pow.o(.constdata)
    P                                        0x08005f50   Data          40  pow.o(.constdata)
    .constdata                               0x08005f78   Section        8  qnan.o(.constdata)
    .constdata                               0x08005f80   Section      129  ctype_o.o(.constdata)
    .constdata                               0x08006004   Section        4  ctype_o.o(.constdata)
    table                                    0x08006004   Data           4  ctype_o.o(.constdata)
    .conststring                             0x08006008   Section      111  stm32_eval.o(.conststring)
    .data                                    0x20000000   Section        8  stm32f10x_it.o(.data)
    last_press                               0x20000000   Data           4  stm32f10x_it.o(.data)
    .data                                    0x20000008   Section      148  main.o(.data)
    frame_seq_nb                             0x20000008   Data           1  main.o(.data)
    status_reg                               0x2000000c   Data           4  main.o(.data)
    framenum                                 0x20000014   Data           4  main.o(.data)
    poll_tx_ts                               0x20000018   Data           8  main.o(.data)
    resp_rx_ts                               0x20000020   Data           8  main.o(.data)
    final_tx_ts                              0x20000028   Data           8  main.o(.data)
    config                                   0x20000030   Data          11  main.o(.data)
    distance_msg                             0x2000003b   Data          15  main.o(.data)
    tx_poll_msg                              0x2000004a   Data          12  main.o(.data)
    rx_resp_msg                              0x20000056   Data          15  main.o(.data)
    tx_final_msg                             0x20000065   Data          24  main.o(.data)
    angle_msg                                0x2000007d   Data          31  main.o(.data)
    .data                                    0x2000009c   Section       20  stm32f10x_rcc.o(.data)
    ADCPrescTable                            0x2000009c   Data           4  stm32f10x_rcc.o(.data)
    APBAHBPrescTable                         0x200000a0   Data          16  stm32f10x_rcc.o(.data)
    .data                                    0x200000b0   Section       20  system_stm32f10x.o(.data)
    .data                                    0x200000c4   Section      160  stm32_eval.o(.data)
    flag                                     0x200000c5   Data           1  stm32_eval.o(.data)
    index                                    0x200000c6   Data           2  stm32_eval.o(.data)
    tick                                     0x200000c8   Data           4  stm32_eval.o(.data)
    .data                                    0x20000164   Section        4  stm32_eval.o(.data)
    .data                                    0x20000168   Section      452  lcd_oled.o(.data)
    .data                                    0x20000330   Section      229  lib.o(.data)
    frame_seq_nb                             0x20000330   Data           1  lib.o(.data)
    status_reg                               0x20000338   Data           4  lib.o(.data)
    tick                                     0x2000033c   Data           4  lib.o(.data)
    poll_rx_ts                               0x20000340   Data           8  lib.o(.data)
    resp_tx_ts                               0x20000348   Data           8  lib.o(.data)
    final_rx_ts                              0x20000350   Data           8  lib.o(.data)
    tof                                      0x20000358   Data           8  lib.o(.data)
    distance                                 0x20000360   Data           8  lib.o(.data)
    config                                   0x20000368   Data          11  lib.o(.data)
    rx_poll_msg                              0x20000373   Data          12  lib.o(.data)
    tx_resp_msg                              0x2000037f   Data          15  lib.o(.data)
    rx_final_msg                             0x2000038e   Data          24  lib.o(.data)
    distance_msg                             0x200003a6   Data          15  lib.o(.data)
    angle_msg                                0x200003b5   Data          31  lib.o(.data)
    Semaphore_Release                        0x200003d4   Data          13  lib.o(.data)
    Tag_Statistics                           0x200003e1   Data          13  lib.o(.data)
    Master_Release_Semaphore                 0x200003ee   Data          13  lib.o(.data)
    Tag_Statistics_response                  0x200003fb   Data          13  lib.o(.data)
    Master_Release_Semaphore_comfirm         0x20000408   Data          13  lib.o(.data)
    .data                                    0x20000418   Section        4  stdout.o(.data)
    .data                                    0x2000041c   Section        4  strtok.o(.data)
    state                                    0x2000041c   Data           4  strtok.o(.data)
    .data                                    0x20000420   Section        4  errno.o(.data)
    _errno                                   0x20000420   Data           4  errno.o(.data)
    .bss                                     0x20000428   Section     1584  main.o(.bss)
    rx_buffer                                0x200004a0   Data          24  main.o(.bss)
    .bss                                     0x20000a58   Section      512  stm32_eval.o(.bss)
    cmdbuf                                   0x20000a58   Data         512  stm32_eval.o(.bss)
    .bss                                     0x20000c58   Section       16  port.o(.bss)
    .bss                                     0x20000c68   Section       60  deca_device.o(.bss)
    dw1000local                              0x20000c68   Data          60  deca_device.o(.bss)
    .bss                                     0x20000ca4   Section       24  lib.o(.bss)
    rx_buffer                                0x20000ca4   Data          24  lib.o(.bss)
    STACK                                    0x20000cc0   Section     1536  startup_stm32f10x_hd.o(STACK)

    Global Symbols

    Symbol Name                              Value     Ov Type        Size  Object(Section)

    BuildAttributes$$THM_ISAv4$P$D$K$B$S$PE$A:L22UL41UL21$X:L11$S22US41US21$IEEE1$IW$USESV6$~STKCKD$USESV7$~SHL$OTIME$ROPI$IEEEX$EBA8$MICROLIB$REQ8$PRES8$EABIv2 0x00000000   Number         0  anon$$obj.o ABSOLUTE
    __ARM_use_no_argv                        0x00000000   Number         0  main.o ABSOLUTE
    _printf_a                                0x00000000   Number         0  stubs.o ABSOLUTE
    _printf_c                                0x00000000   Number         0  stubs.o ABSOLUTE
    _printf_charcount                        0x00000000   Number         0  stubs.o ABSOLUTE
    _printf_d                                0x00000000   Number         0  stubs.o ABSOLUTE
    _printf_e                                0x00000000   Number         0  stubs.o ABSOLUTE
    _printf_f                                0x00000000   Number         0  stubs.o ABSOLUTE
    _printf_flags                            0x00000000   Number         0  stubs.o ABSOLUTE
    _printf_fp_dec                           0x00000000   Number         0  stubs.o ABSOLUTE
    _printf_fp_hex                           0x00000000   Number         0  stubs.o ABSOLUTE
    _printf_g                                0x00000000   Number         0  stubs.o ABSOLUTE
    _printf_i                                0x00000000   Number         0  stubs.o ABSOLUTE
    _printf_int_dec                          0x00000000   Number         0  stubs.o ABSOLUTE
    _printf_l                                0x00000000   Number         0  stubs.o ABSOLUTE
    _printf_lc                               0x00000000   Number         0  stubs.o ABSOLUTE
    _printf_ll                               0x00000000   Number         0  stubs.o ABSOLUTE
    _printf_lld                              0x00000000   Number         0  stubs.o ABSOLUTE
    _printf_lli                              0x00000000   Number         0  stubs.o ABSOLUTE
    _printf_llo                              0x00000000   Number         0  stubs.o ABSOLUTE
    _printf_llu                              0x00000000   Number         0  stubs.o ABSOLUTE
    _printf_llx                              0x00000000   Number         0  stubs.o ABSOLUTE
    _printf_longlong_dec                     0x00000000   Number         0  stubs.o ABSOLUTE
    _printf_longlong_hex                     0x00000000   Number         0  stubs.o ABSOLUTE
    _printf_longlong_oct                     0x00000000   Number         0  stubs.o ABSOLUTE
    _printf_ls                               0x00000000   Number         0  stubs.o ABSOLUTE
    _printf_mbtowc                           0x00000000   Number         0  stubs.o ABSOLUTE
    _printf_n                                0x00000000   Number         0  stubs.o ABSOLUTE
    _printf_o                                0x00000000   Number         0  stubs.o ABSOLUTE
    _printf_p                                0x00000000   Number         0  stubs.o ABSOLUTE
    _printf_percent                          0x00000000   Number         0  stubs.o ABSOLUTE
    _printf_pre_padding                      0x00000000   Number         0  stubs.o ABSOLUTE
    _printf_return_value                     0x00000000   Number         0  stubs.o ABSOLUTE
    _printf_s                                0x00000000   Number         0  stubs.o ABSOLUTE
    _printf_sizespec                         0x00000000   Number         0  stubs.o ABSOLUTE
    _printf_str                              0x00000000   Number         0  stubs.o ABSOLUTE
    _printf_truncate_signed                  0x00000000   Number         0  stubs.o ABSOLUTE
    _printf_truncate_unsigned                0x00000000   Number         0  stubs.o ABSOLUTE
    _printf_u                                0x00000000   Number         0  stubs.o ABSOLUTE
    _printf_wc                               0x00000000   Number         0  stubs.o ABSOLUTE
    _printf_wctomb                           0x00000000   Number         0  stubs.o ABSOLUTE
    _printf_widthprec                        0x00000000   Number         0  stubs.o ABSOLUTE
    _printf_x                                0x00000000   Number         0  stubs.o ABSOLUTE
    __arm_fini_                               - Undefined Weak Reference
    __cpp_initialize__aeabi_                  - Undefined Weak Reference
    __cxa_finalize                            - Undefined Weak Reference
    _clock_init                               - Undefined Weak Reference
    _microlib_exit                            - Undefined Weak Reference
    __Vectors_Size                           0x00000130   Number         0  startup_stm32f10x_hd.o ABSOLUTE
    __Vectors                                0x08000000   Data           4  startup_stm32f10x_hd.o(RESET)
    __Vectors_End                            0x08000130   Data           0  startup_stm32f10x_hd.o(RESET)
    __main                                   0x08000131   Thumb Code     0  entry.o(.ARM.Collect$$$$00000000)
    _main_stk                                0x08000131   Thumb Code     0  entry2.o(.ARM.Collect$$$$00000001)
    _main_scatterload                        0x08000135   Thumb Code     0  entry5.o(.ARM.Collect$$$$00000004)
    __main_after_scatterload                 0x08000139   Thumb Code     0  entry5.o(.ARM.Collect$$$$00000004)
    _main_clock                              0x08000139   Thumb Code     0  entry7b.o(.ARM.Collect$$$$00000008)
    _main_cpp_init                           0x08000139   Thumb Code     0  entry8b.o(.ARM.Collect$$$$0000000A)
    _main_init                               0x08000139   Thumb Code     0  entry9a.o(.ARM.Collect$$$$0000000B)
    __rt_lib_shutdown_fini                   0x08000141   Thumb Code     0  entry12b.o(.ARM.Collect$$$$0000000E)
    __rt_final_cpp                           0x08000145   Thumb Code     0  entry10a.o(.ARM.Collect$$$$0000000F)
    __rt_final_exit                          0x08000145   Thumb Code     0  entry11a.o(.ARM.Collect$$$$00000011)
    __aeabi_memset                           0x08000149   Thumb Code    14  memseta.o(.text)
    __aeabi_memset4                          0x08000149   Thumb Code     0  memseta.o(.text)
    __aeabi_memset8                          0x08000149   Thumb Code     0  memseta.o(.text)
    __aeabi_memclr                           0x08000157   Thumb Code     4  memseta.o(.text)
    __aeabi_memclr4                          0x08000157   Thumb Code     0  memseta.o(.text)
    __aeabi_memclr8                          0x08000157   Thumb Code     0  memseta.o(.text)
    _memset$wrapper                          0x0800015b   Thumb Code    18  memseta.o(.text)
    strstr                                   0x0800016d   Thumb Code    36  strstr.o(.text)
    strlen                                   0x08000191   Thumb Code    14  strlen.o(.text)
    memcmp                                   0x0800019f   Thumb Code    26  memcmp.o(.text)
    strtok                                   0x080001b9   Thumb Code    62  strtok.o(.text)
    atoi                                     0x080001fd   Thumb Code    26  atoi.o(.text)
    __aeabi_fadd                             0x08000217   Thumb Code   164  fadd.o(.text)
    __aeabi_fsub                             0x080002bb   Thumb Code     6  fadd.o(.text)
    __aeabi_frsub                            0x080002c1   Thumb Code     6  fadd.o(.text)
    __aeabi_fdiv                             0x080002c7   Thumb Code   124  fdiv.o(.text)
    __aeabi_dadd                             0x08000343   Thumb Code   322  dadd.o(.text)
    __aeabi_dsub                             0x08000485   Thumb Code     6  dadd.o(.text)
    __aeabi_drsub                            0x0800048b   Thumb Code     6  dadd.o(.text)
    __aeabi_dmul                             0x08000491   Thumb Code   228  dmul.o(.text)
    __aeabi_ddiv                             0x08000575   Thumb Code   222  ddiv.o(.text)
    __ARM_scalbn                             0x08000653   Thumb Code    46  dscalb.o(.text)
    scalbn                                   0x08000653   Thumb Code     0  dscalb.o(.text)
    __aeabi_i2f                              0x08000681   Thumb Code    18  fflti.o(.text)
    __aeabi_ui2f                             0x08000693   Thumb Code    10  ffltui.o(.text)
    __aeabi_i2d                              0x0800069d   Thumb Code    34  dflti.o(.text)
    __aeabi_ui2d                             0x080006bf   Thumb Code    26  dfltui.o(.text)
    __aeabi_l2d                              0x080006d9   Thumb Code    40  dfltl.o(.text)
    __aeabi_f2iz                             0x08000701   Thumb Code    50  ffixi.o(.text)
    __aeabi_d2iz                             0x08000733   Thumb Code    62  dfixi.o(.text)
    __aeabi_d2lz                             0x08000771   Thumb Code    74  dfixl.o(.text)
    __aeabi_f2d                              0x080007bb   Thumb Code    38  f2d.o(.text)
    __aeabi_cdrcmple                         0x080007e1   Thumb Code    48  cdrcmple.o(.text)
    __aeabi_d2f                              0x08000811   Thumb Code    56  d2f.o(.text)
    __aeabi_cfrcmple                         0x08000849   Thumb Code    20  cfrcmple.o(.text)
    __aeabi_uidiv                            0x0800085d   Thumb Code     0  uidiv.o(.text)
    __aeabi_uidivmod                         0x0800085d   Thumb Code    44  uidiv.o(.text)
    __aeabi_uldivmod                         0x08000889   Thumb Code    98  uldiv.o(.text)
    __aeabi_llsl                             0x080008eb   Thumb Code    30  llshl.o(.text)
    _ll_shift_l                              0x080008eb   Thumb Code     0  llshl.o(.text)
    __aeabi_llsr                             0x08000909   Thumb Code    32  llushr.o(.text)
    _ll_ushift_r                             0x08000909   Thumb Code     0  llushr.o(.text)
    __aeabi_lasr                             0x08000929   Thumb Code    36  llsshr.o(.text)
    _ll_sshift_r                             0x08000929   Thumb Code     0  llsshr.o(.text)
    strtol                                   0x0800094d   Thumb Code   112  strtol.o(.text)
    __I$use$fp                               0x080009bd   Thumb Code     0  iusefp.o(.text)
    _float_round                             0x080009bd   Thumb Code    18  fepilogue.o(.text)
    _float_epilogue                          0x080009cf   Thumb Code    92  fepilogue.o(.text)
    _double_round                            0x08000a2b   Thumb Code    30  depilogue.o(.text)
    _double_epilogue                         0x08000a49   Thumb Code   156  depilogue.o(.text)
    _dsqrt                                   0x08000ae5   Thumb Code   162  dsqrt.o(.text)
    __aeabi_d2ulz                            0x08000b87   Thumb Code    48  dfixul.o(.text)
    Reset_Handler                            0x08000bb9   Thumb Code     8  startup_stm32f10x_hd.o(.text)
    ADC1_2_IRQHandler                        0x08000bd3   Thumb Code     0  startup_stm32f10x_hd.o(.text)
    ADC3_IRQHandler                          0x08000bd3   Thumb Code     0  startup_stm32f10x_hd.o(.text)
    CAN1_RX1_IRQHandler                      0x08000bd3   Thumb Code     0  startup_stm32f10x_hd.o(.text)
    CAN1_SCE_IRQHandler                      0x08000bd3   Thumb Code     0  startup_stm32f10x_hd.o(.text)
    DMA1_Channel1_IRQHandler                 0x08000bd3   Thumb Code     0  startup_stm32f10x_hd.o(.text)
    DMA1_Channel2_IRQHandler                 0x08000bd3   Thumb Code     0  startup_stm32f10x_hd.o(.text)
    DMA1_Channel3_IRQHandler                 0x08000bd3   Thumb Code     0  startup_stm32f10x_hd.o(.text)
    DMA1_Channel4_IRQHandler                 0x08000bd3   Thumb Code     0  startup_stm32f10x_hd.o(.text)
    DMA1_Channel5_IRQHandler                 0x08000bd3   Thumb Code     0  startup_stm32f10x_hd.o(.text)
    DMA1_Channel6_IRQHandler                 0x08000bd3   Thumb Code     0  startup_stm32f10x_hd.o(.text)
    DMA1_Channel7_IRQHandler                 0x08000bd3   Thumb Code     0  startup_stm32f10x_hd.o(.text)
    DMA2_Channel1_IRQHandler                 0x08000bd3   Thumb Code     0  startup_stm32f10x_hd.o(.text)
    DMA2_Channel2_IRQHandler                 0x08000bd3   Thumb Code     0  startup_stm32f10x_hd.o(.text)
    DMA2_Channel3_IRQHandler                 0x08000bd3   Thumb Code     0  startup_stm32f10x_hd.o(.text)
    DMA2_Channel4_5_IRQHandler               0x08000bd3   Thumb Code     0  startup_stm32f10x_hd.o(.text)
    EXTI0_IRQHandler                         0x08000bd3   Thumb Code     0  startup_stm32f10x_hd.o(.text)
    EXTI15_10_IRQHandler                     0x08000bd3   Thumb Code     0  startup_stm32f10x_hd.o(.text)
    EXTI2_IRQHandler                         0x08000bd3   Thumb Code     0  startup_stm32f10x_hd.o(.text)
    EXTI3_IRQHandler                         0x08000bd3   Thumb Code     0  startup_stm32f10x_hd.o(.text)
    EXTI4_IRQHandler                         0x08000bd3   Thumb Code     0  startup_stm32f10x_hd.o(.text)
    EXTI9_5_IRQHandler                       0x08000bd3   Thumb Code     0  startup_stm32f10x_hd.o(.text)
    FLASH_IRQHandler                         0x08000bd3   Thumb Code     0  startup_stm32f10x_hd.o(.text)
    FSMC_IRQHandler                          0x08000bd3   Thumb Code     0  startup_stm32f10x_hd.o(.text)
    I2C1_ER_IRQHandler                       0x08000bd3   Thumb Code     0  startup_stm32f10x_hd.o(.text)
    I2C1_EV_IRQHandler                       0x08000bd3   Thumb Code     0  startup_stm32f10x_hd.o(.text)
    I2C2_ER_IRQHandler                       0x08000bd3   Thumb Code     0  startup_stm32f10x_hd.o(.text)
    I2C2_EV_IRQHandler                       0x08000bd3   Thumb Code     0  startup_stm32f10x_hd.o(.text)
    PVD_IRQHandler                           0x08000bd3   Thumb Code     0  startup_stm32f10x_hd.o(.text)
    RCC_IRQHandler                           0x08000bd3   Thumb Code     0  startup_stm32f10x_hd.o(.text)
    RTCAlarm_IRQHandler                      0x08000bd3   Thumb Code     0  startup_stm32f10x_hd.o(.text)
    RTC_IRQHandler                           0x08000bd3   Thumb Code     0  startup_stm32f10x_hd.o(.text)
    SDIO_IRQHandler                          0x08000bd3   Thumb Code     0  startup_stm32f10x_hd.o(.text)
    SPI1_IRQHandler                          0x08000bd3   Thumb Code     0  startup_stm32f10x_hd.o(.text)
    SPI2_IRQHandler                          0x08000bd3   Thumb Code     0  startup_stm32f10x_hd.o(.text)
    SPI3_IRQHandler                          0x08000bd3   Thumb Code     0  startup_stm32f10x_hd.o(.text)
    TAMPER_IRQHandler                        0x08000bd3   Thumb Code     0  startup_stm32f10x_hd.o(.text)
    TIM1_BRK_IRQHandler                      0x08000bd3   Thumb Code     0  startup_stm32f10x_hd.o(.text)
    TIM1_CC_IRQHandler                       0x08000bd3   Thumb Code     0  startup_stm32f10x_hd.o(.text)
    TIM1_TRG_COM_IRQHandler                  0x08000bd3   Thumb Code     0  startup_stm32f10x_hd.o(.text)
    TIM1_UP_IRQHandler                       0x08000bd3   Thumb Code     0  startup_stm32f10x_hd.o(.text)
    TIM2_IRQHandler                          0x08000bd3   Thumb Code     0  startup_stm32f10x_hd.o(.text)
    TIM3_IRQHandler                          0x08000bd3   Thumb Code     0  startup_stm32f10x_hd.o(.text)
    TIM4_IRQHandler                          0x08000bd3   Thumb Code     0  startup_stm32f10x_hd.o(.text)
    TIM5_IRQHandler                          0x08000bd3   Thumb Code     0  startup_stm32f10x_hd.o(.text)
    TIM6_IRQHandler                          0x08000bd3   Thumb Code     0  startup_stm32f10x_hd.o(.text)
    TIM7_IRQHandler                          0x08000bd3   Thumb Code     0  startup_stm32f10x_hd.o(.text)
    TIM8_BRK_IRQHandler                      0x08000bd3   Thumb Code     0  startup_stm32f10x_hd.o(.text)
    TIM8_CC_IRQHandler                       0x08000bd3   Thumb Code     0  startup_stm32f10x_hd.o(.text)
    TIM8_TRG_COM_IRQHandler                  0x08000bd3   Thumb Code     0  startup_stm32f10x_hd.o(.text)
    TIM8_UP_IRQHandler                       0x08000bd3   Thumb Code     0  startup_stm32f10x_hd.o(.text)
    UART4_IRQHandler                         0x08000bd3   Thumb Code     0  startup_stm32f10x_hd.o(.text)
    UART5_IRQHandler                         0x08000bd3   Thumb Code     0  startup_stm32f10x_hd.o(.text)
    USART2_IRQHandler                        0x08000bd3   Thumb Code     0  startup_stm32f10x_hd.o(.text)
    USART3_IRQHandler                        0x08000bd3   Thumb Code     0  startup_stm32f10x_hd.o(.text)
    USBWakeUp_IRQHandler                     0x08000bd3   Thumb Code     0  startup_stm32f10x_hd.o(.text)
    USB_HP_CAN1_TX_IRQHandler                0x08000bd3   Thumb Code     0  startup_stm32f10x_hd.o(.text)
    USB_LP_CAN1_RX0_IRQHandler               0x08000bd3   Thumb Code     0  startup_stm32f10x_hd.o(.text)
    WWDG_IRQHandler                          0x08000bd3   Thumb Code     0  startup_stm32f10x_hd.o(.text)
    __scatterload                            0x08000bdd   Thumb Code    28  init.o(.text)
    __scatterload_rt2                        0x08000bdd   Thumb Code     0  init.o(.text)
    __rt_ctype_table                         0x08000c01   Thumb Code     4  ctype_o.o(.text)
    _strtoul                                 0x08000c09   Thumb Code   158  _strtoul.o(.text)
    _chval                                   0x08000ca7   Thumb Code    28  _chval.o(.text)
    __decompress                             0x08000cc3   Thumb Code     0  __dczerorl2.o(.text)
    __decompress1                            0x08000cc3   Thumb Code    86  __dczerorl2.o(.text)
    ANTHOR_MEASURE                           0x08000d19   Thumb Code   676  lib.o(i.ANTHOR_MEASURE)
    AT_CmdFunc_ANCHOR_GPIOTEST               0x08000fe1   Thumb Code    30  stm32_eval.o(i.AT_CmdFunc_ANCHOR_GPIOTEST)
    AT_CmdFunc_ANCHOR_TAG                    0x08001001   Thumb Code   158  stm32_eval.o(i.AT_CmdFunc_ANCHOR_TAG)
    AT_CmdFunc_AT                            0x080010cd   Thumb Code     4  stm32_eval.o(i.AT_CmdFunc_AT)
    AT_CmdFunc_FACTORY                       0x080010d1   Thumb Code    30  stm32_eval.o(i.AT_CmdFunc_FACTORY)
    AT_CmdFunc_RST                           0x080010f9   Thumb Code    36  stm32_eval.o(i.AT_CmdFunc_RST)
    AT_CmdFunc_TemHum                        0x0800112d   Thumb Code    60  stm32_eval.o(i.AT_CmdFunc_TemHum)
    AT_CmdFunc_XYZ                           0x08001179   Thumb Code    36  stm32_eval.o(i.AT_CmdFunc_XYZ)
    AT_CmdFunc_interval                      0x080011a9   Thumb Code    44  stm32_eval.o(i.AT_CmdFunc_interval)
    AT_CmdFunc_ondis                         0x080011dd   Thumb Code    44  stm32_eval.o(i.AT_CmdFunc_ondis)
    AT_CmdFunc_version                       0x08001211   Thumb Code    24  stm32_eval.o(i.AT_CmdFunc_version)
    Anchor_Array_Init                        0x08001249   Thumb Code    28  main.o(i.Anchor_Array_Init)
    BusFault_Handler                         0x08001269   Thumb Code     2  stm32f10x_it.o(i.BusFault_Handler)
    DebugMon_Handler                         0x0800126b   Thumb Code     2  stm32f10x_it.o(i.DebugMon_Handler)
    EXTI1_IRQHandler                         0x0800126d   Thumb Code    80  stm32f10x_it.o(i.EXTI1_IRQHandler)
    EXTI_ClearITPendingBit                   0x080012c5   Thumb Code     6  stm32f10x_exti.o(i.EXTI_ClearITPendingBit)
    EXTI_GetITEnStatus                       0x080012d1   Thumb Code    16  port.o(i.EXTI_GetITEnStatus)
    EXTI_GetITStatus                         0x080012e5   Thumb Code    28  stm32f10x_exti.o(i.EXTI_GetITStatus)
    EXTI_Init                                0x08001305   Thumb Code   108  stm32f10x_exti.o(i.EXTI_Init)
    FLASH_ErasePage                          0x08001375   Thumb Code    56  stm32f10x_flash.o(i.FLASH_ErasePage)
    FLASH_GetBank1Status                     0x080013b1   Thumb Code    34  stm32f10x_flash.o(i.FLASH_GetBank1Status)
    FLASH_Lock                               0x080013d9   Thumb Code    12  stm32f10x_flash.o(i.FLASH_Lock)
    FLASH_ProgramHalfWord                    0x080013e9   Thumb Code    48  stm32f10x_flash.o(i.FLASH_ProgramHalfWord)
    FLASH_ReadMoreData                       0x0800141d   Thumb Code    26  stm32_eval.o(i.FLASH_ReadMoreData)
    FLASH_Unlock                             0x08001439   Thumb Code    12  stm32f10x_flash.o(i.FLASH_Unlock)
    FLASH_WaitForLastOperation               0x08001451   Thumb Code    36  stm32f10x_flash.o(i.FLASH_WaitForLastOperation)
    FLASH_WriteMoreData                      0x08001475   Thumb Code    84  stm32_eval.o(i.FLASH_WriteMoreData)
    GPIO_Configuration                       0x080014cd   Thumb Code   216  port.o(i.GPIO_Configuration)
    GPIO_EXTILineConfig                      0x080015b9   Thumb Code    34  stm32f10x_gpio.o(i.GPIO_EXTILineConfig)
    GPIO_Init                                0x080015e1   Thumb Code   162  stm32f10x_gpio.o(i.GPIO_Init)
    GPIO_PinRemapConfig                      0x08001685   Thumb Code    82  stm32f10x_gpio.o(i.GPIO_PinRemapConfig)
    GPIO_ReadInputDataBit                    0x080016dd   Thumb Code    14  stm32f10x_gpio.o(i.GPIO_ReadInputDataBit)
    GPIO_ResetBits                           0x080016eb   Thumb Code     4  stm32f10x_gpio.o(i.GPIO_ResetBits)
    GPIO_SetBits                             0x080016ef   Thumb Code     4  stm32f10x_gpio.o(i.GPIO_SetBits)
    HAL_GetTick                              0x080016f3   Thumb Code     4  stm32_eval.o(i.HAL_GetTick)
    HardFault_Handler                        0x080016f9   Thumb Code     8  stm32f10x_it.o(i.HardFault_Handler)
    I2C_AcknowledgeConfig                    0x08001719   Thumb Code    20  stm32f10x_i2c.o(i.I2C_AcknowledgeConfig)
    I2C_CheckEvent                           0x0800172d   Thumb Code    24  stm32f10x_i2c.o(i.I2C_CheckEvent)
    I2C_Cmd                                  0x08001745   Thumb Code    20  stm32f10x_i2c.o(i.I2C_Cmd)
    I2C_DeInit                               0x08001759   Thumb Code    38  stm32f10x_i2c.o(i.I2C_DeInit)
    I2C_GenerateSTART                        0x08001785   Thumb Code    20  stm32f10x_i2c.o(i.I2C_GenerateSTART)
    I2C_GenerateSTOP                         0x08001799   Thumb Code    20  stm32f10x_i2c.o(i.I2C_GenerateSTOP)
    I2C_GetFlagStatus                        0x080017ad   Thumb Code    42  stm32f10x_i2c.o(i.I2C_GetFlagStatus)
    I2C_Init                                 0x080017d9   Thumb Code   178  stm32f10x_i2c.o(i.I2C_Init)
    I2C_NACKPositionConfig                   0x08001895   Thumb Code    22  stm32f10x_i2c.o(i.I2C_NACKPositionConfig)
    I2C_ReceiveData                          0x080018ab   Thumb Code     6  stm32f10x_i2c.o(i.I2C_ReceiveData)
    I2C_Send7bitAddress                      0x080018b1   Thumb Code    16  stm32f10x_i2c.o(i.I2C_Send7bitAddress)
    I2C_SendData                             0x080018c1   Thumb Code     4  stm32f10x_i2c.o(i.I2C_SendData)
    I2C_WriteOneByte                         0x080018c5   Thumb Code   182  lcd_oled.o(i.I2C_WriteOneByte)
    MemManage_Handler                        0x08001a09   Thumb Code     2  stm32f10x_it.o(i.MemManage_Handler)
    NMI_Handler                              0x08001a0b   Thumb Code     2  stm32f10x_it.o(i.NMI_Handler)
    NVIC_Init                                0x08001a0d   Thumb Code    94  misc.o(i.NVIC_Init)
    NVIC_PriorityGroupConfig                 0x08001a71   Thumb Code    10  misc.o(i.NVIC_PriorityGroupConfig)
    OLED_Clear                               0x08001aa5   Thumb Code    60  lcd_oled.o(i.OLED_Clear)
    OLED_Init                                0x08001ae1   Thumb Code   250  lcd_oled.o(i.OLED_Init)
    OLED_Set_Pos                             0x08001bdb   Thumb Code    44  lcd_oled.o(i.OLED_Set_Pos)
    OLED_ShowChar                            0x08001c09   Thumb Code    94  lcd_oled.o(i.OLED_ShowChar)
    OLED_ShowString                          0x08001c6d   Thumb Code    50  lcd_oled.o(i.OLED_ShowString)
    OLED_WR_Byte                             0x08001ca1   Thumb Code    36  lcd_oled.o(i.OLED_WR_Byte)
    PairGpioCheck                            0x08001ccd   Thumb Code   132  stm32_eval.o(i.PairGpioCheck)
    PairGpioCheckDB                          0x08001d51   Thumb Code   194  stm32_eval.o(i.PairGpioCheckDB)
    PendSV_Handler                           0x08001e13   Thumb Code     2  stm32f10x_it.o(i.PendSV_Handler)
    RCC_APB1PeriphClockCmd                   0x08001e15   Thumb Code    18  stm32f10x_rcc.o(i.RCC_APB1PeriphClockCmd)
    RCC_APB1PeriphResetCmd                   0x08001e2d   Thumb Code    18  stm32f10x_rcc.o(i.RCC_APB1PeriphResetCmd)
    RCC_APB2PeriphClockCmd                   0x08001e45   Thumb Code    18  stm32f10x_rcc.o(i.RCC_APB2PeriphClockCmd)
    RCC_APB2PeriphResetCmd                   0x08001e5d   Thumb Code    18  stm32f10x_rcc.o(i.RCC_APB2PeriphResetCmd)
    RCC_GetClocksFreq                        0x08001e75   Thumb Code   140  stm32f10x_rcc.o(i.RCC_GetClocksFreq)
    SHT20_init                               0x08001f15   Thumb Code   112  lcd_oled.o(i.SHT20_init)
    SHT20_read_hum                           0x08001f89   Thumb Code   138  lcd_oled.o(i.SHT20_read_hum)
    SHT20_read_tem                           0x08002041   Thumb Code   136  lcd_oled.o(i.SHT20_read_tem)
    SPI_ChangeRate                           0x080020f9   Thumb Code    14  port.o(i.SPI_ChangeRate)
    SPI_Cmd                                  0x0800210d   Thumb Code    20  stm32f10x_spi.o(i.SPI_Cmd)
    SPI_Configuration                        0x08002121   Thumb Code   166  port.o(i.SPI_Configuration)
    SPI_I2S_DeInit                           0x080021d1   Thumb Code    72  stm32f10x_spi.o(i.SPI_I2S_DeInit)
    SPI_I2S_GetFlagStatus                    0x08002225   Thumb Code    14  stm32f10x_spi.o(i.SPI_I2S_GetFlagStatus)
    SPI_Init                                 0x08002233   Thumb Code    56  stm32f10x_spi.o(i.SPI_Init)
    SPI_SSOutputCmd                          0x0800226b   Thumb Code    20  stm32f10x_spi.o(i.SPI_SSOutputCmd)
    STM_EVAL_COMInit                         0x08002281   Thumb Code   200  stm32_eval.o(i.STM_EVAL_COMInit)
    SVC_Handler                              0x08002355   Thumb Code     2  stm32f10x_it.o(i.SVC_Handler)
    SysTick_Configuration                    0x08002401   Thumb Code    64  port.o(i.SysTick_Configuration)
    SysTick_Handler                          0x08002445   Thumb Code    10  stm32f10x_it.o(i.SysTick_Handler)
    SystemInit                               0x08002455   Thumb Code    64  system_stm32f10x.o(i.SystemInit)
    USART1_IRQHandler                        0x080024a5   Thumb Code    36  stm32_eval.o(i.USART1_IRQHandler)
    USART_ClearFlag                          0x080024cd   Thumb Code     6  stm32f10x_usart.o(i.USART_ClearFlag)
    USART_Cmd                                0x080024d3   Thumb Code    20  stm32f10x_usart.o(i.USART_Cmd)
    USART_GetFlagStatus                      0x080024e7   Thumb Code    14  stm32f10x_usart.o(i.USART_GetFlagStatus)
    USART_GetITStatus                        0x080024f5   Thumb Code    62  stm32f10x_usart.o(i.USART_GetITStatus)
    USART_ITConfig                           0x08002533   Thumb Code    48  stm32f10x_usart.o(i.USART_ITConfig)
    USART_Init                               0x08002565   Thumb Code   166  stm32f10x_usart.o(i.USART_Init)
    USART_ReceiveData                        0x08002611   Thumb Code     8  stm32f10x_usart.o(i.USART_ReceiveData)
    USART_SendData                           0x08002619   Thumb Code     8  stm32f10x_usart.o(i.USART_SendData)
    USART_puts                               0x08002621   Thumb Code    24  port.o(i.USART_puts)
    UsageFault_Handler                       0x08002639   Thumb Code     2  stm32f10x_it.o(i.UsageFault_Handler)
    __0printf                                0x0800263d   Thumb Code    22  printfa.o(i.__0printf)
    __1printf                                0x0800263d   Thumb Code     0  printfa.o(i.__0printf)
    __2printf                                0x0800263d   Thumb Code     0  printfa.o(i.__0printf)
    __c89printf                              0x0800263d   Thumb Code     0  printfa.o(i.__0printf)
    printf                                   0x0800263d   Thumb Code     0  printfa.o(i.__0printf)
    __ARM_fpclassify                         0x0800265d   Thumb Code    40  fpclassify.o(i.__ARM_fpclassify)
    __aeabi_errno_addr                       0x08002685   Thumb Code     4  errno.o(i.__aeabi_errno_addr)
    __rt_errno_addr                          0x08002685   Thumb Code     0  errno.o(i.__aeabi_errno_addr)
    __kernel_poly                            0x0800268d   Thumb Code   170  poly.o(i.__kernel_poly)
    __mathlib_dbl_divzero                    0x08002739   Thumb Code    12  dunder.o(i.__mathlib_dbl_divzero)
    __mathlib_dbl_infnan                     0x08002749   Thumb Code     6  dunder.o(i.__mathlib_dbl_infnan)
    __mathlib_dbl_infnan2                    0x0800274f   Thumb Code     4  dunder.o(i.__mathlib_dbl_infnan2)
    __mathlib_dbl_invalid                    0x08002753   Thumb Code    12  dunder.o(i.__mathlib_dbl_invalid)
    __mathlib_dbl_overflow                   0x0800275f   Thumb Code    14  dunder.o(i.__mathlib_dbl_overflow)
    __mathlib_dbl_underflow                  0x0800276d   Thumb Code    10  dunder.o(i.__mathlib_dbl_underflow)
    __scatterload_copy                       0x0800277d   Thumb Code    14  handlers.o(i.__scatterload_copy)
    __scatterload_null                       0x0800278b   Thumb Code     2  handlers.o(i.__scatterload_null)
    __scatterload_zeroinit                   0x0800278d   Thumb Code    14  handlers.o(i.__scatterload_zeroinit)
    __set_errno                              0x0800279d   Thumb Code     6  errno.o(i.__set_errno)
    _dwt_configlde                           0x080027a9   Thumb Code    48  deca_device.o(i._dwt_configlde)
    _dwt_enableclocks                        0x080027d9   Thumb Code   194  deca_device.o(i._dwt_enableclocks)
    _dwt_loaducodefromrom                    0x0800289b   Thumb Code    52  deca_device.o(i._dwt_loaducodefromrom)
    _dwt_otpread                             0x080028cf   Thumb Code    70  deca_device.o(i._dwt_otpread)
    asin                                     0x080031a1   Thumb Code   572  asin.o(i.asin)
    at_cmd_parse                             0x08003411   Thumb Code   214  stm32_eval.o(i.at_cmd_parse)
    at_cmd_recv                              0x08003505   Thumb Code    98  stm32_eval.o(i.at_cmd_recv)
    buo1DbGpio                               0x08003571   Thumb Code   214  stm32_eval.o(i.buo1DbGpio)
    buo1Gpio                                 0x0800373d   Thumb Code    80  stm32_eval.o(i.buo1Gpio)
    deca_sleep                               0x080037d5   Thumb Code    24  deca_sleep.o(i.deca_sleep)
    decamutexoff                             0x080037ed   Thumb Code    18  deca_mutex.o(i.decamutexoff)
    decamutexon                              0x080037ff   Thumb Code    26  deca_mutex.o(i.decamutexon)
    drv_lis2dh12_get_angle                   0x08003819   Thumb Code   332  lcd_oled.o(i.drv_lis2dh12_get_angle)
    drv_lis2dh12_iic_read_byte               0x08003999   Thumb Code   230  lcd_oled.o(i.drv_lis2dh12_iic_read_byte)
    drv_lis2dh12_iic_write_byte              0x08003a91   Thumb Code    18  lcd_oled.o(i.drv_lis2dh12_iic_write_byte)
    drv_lis2dh12_init                        0x08003aa9   Thumb Code    70  lcd_oled.o(i.drv_lis2dh12_init)
    dwt_configure                            0x08003af1   Thumb Code   490  deca_device.o(i.dwt_configure)
    dwt_enablegpioclocks                     0x08003d09   Thumb Code    26  deca_device.o(i.dwt_enablegpioclocks)
    dwt_enablegpioclocks1                    0x08003d23   Thumb Code    68  deca_device.o(i.dwt_enablegpioclocks1)
    dwt_entersleepaftertx                    0x08003d67   Thumb Code    36  deca_device.o(i.dwt_entersleepaftertx)
    dwt_forcetrxoff                          0x08003d8d   Thumb Code    86  deca_device.o(i.dwt_forcetrxoff)
    dwt_getgpiovalue                         0x08003ded   Thumb Code    20  deca_device.o(i.dwt_getgpiovalue)
    dwt_getrangebias                         0x08003e01   Thumb Code   200  deca_range_tables.o(i.dwt_getrangebias)
    dwt_initialise                           0x08003ed9   Thumb Code   208  deca_device.o(i.dwt_initialise)
    dwt_read16bitoffsetreg                   0x08003fb1   Thumb Code    38  deca_device.o(i.dwt_read16bitoffsetreg)
    dwt_read32bitoffsetreg                   0x08003fd7   Thumb Code    38  deca_device.o(i.dwt_read32bitoffsetreg)
    dwt_readdevid                            0x08003ffd   Thumb Code     8  deca_device.o(i.dwt_readdevid)
    dwt_readfromdevice                       0x08004005   Thumb Code    58  deca_device.o(i.dwt_readfromdevice)
    dwt_readrxdata                           0x0800403f   Thumb Code    18  deca_device.o(i.dwt_readrxdata)
    dwt_readrxtimestamp                      0x08004051   Thumb Code    12  deca_device.o(i.dwt_readrxtimestamp)
    dwt_readtxtimestamp                      0x0800405d   Thumb Code    12  deca_device.o(i.dwt_readtxtimestamp)
    dwt_rxenable                             0x08004069   Thumb Code    80  deca_device.o(i.dwt_rxenable)
    dwt_setGPIOdirection                     0x080040b9   Thumb Code    34  deca_device.o(i.dwt_setGPIOdirection)
    dwt_setGPIOvalue                         0x080040db   Thumb Code    34  deca_device.o(i.dwt_setGPIOvalue)
    dwt_setautorxreenable                    0x080040fd   Thumb Code    46  deca_device.o(i.dwt_setautorxreenable)
    dwt_setleds                              0x08004131   Thumb Code   184  deca_device.o(i.dwt_setleds)
    dwt_setrxaftertxdelay                    0x080041e9   Thumb Code    34  deca_device.o(i.dwt_setrxaftertxdelay)
    dwt_setrxantennadelay                    0x0800420b   Thumb Code    12  deca_device.o(i.dwt_setrxantennadelay)
    dwt_setrxtimeout                         0x08004219   Thumb Code    84  deca_device.o(i.dwt_setrxtimeout)
    dwt_settxantennadelay                    0x08004271   Thumb Code    10  deca_device.o(i.dwt_settxantennadelay)
    dwt_starttx                              0x0800427d   Thumb Code   142  deca_device.o(i.dwt_starttx)
    dwt_syncrxbufptrs                        0x08004311   Thumb Code    52  deca_device.o(i.dwt_syncrxbufptrs)
    dwt_write16bitoffsetreg                  0x08004345   Thumb Code    26  deca_device.o(i.dwt_write16bitoffsetreg)
    dwt_write32bitoffsetreg                  0x0800435f   Thumb Code    30  deca_device.o(i.dwt_write32bitoffsetreg)
    dwt_writetodevice                        0x0800437d   Thumb Code    62  deca_device.o(i.dwt_writetodevice)
    dwt_writetxdata                          0x080043bb   Thumb Code    34  deca_device.o(i.dwt_writetxdata)
    dwt_writetxfctrl                         0x080043dd   Thumb Code    24  deca_device.o(i.dwt_writetxfctrl)
    dwt_xtaltrim                             0x080043f9   Thumb Code    48  deca_device.o(i.dwt_xtaltrim)
    fputc                                    0x08004445   Thumb Code    38  main.o(i.fputc)
    get_rx_timestamp_u64                     0x08004471   Thumb Code    38  lib.o(i.get_rx_timestamp_u64)
    get_tx_timestamp_u64                     0x08004497   Thumb Code    38  lib.o(i.get_tx_timestamp_u64)
    hal_i2c1_read_data                       0x080044bd   Thumb Code   322  lcd_oled.o(i.hal_i2c1_read_data)
    hal_i2c1_send_data                       0x0800460d   Thumb Code    50  lcd_oled.o(i.hal_i2c1_send_data)
    hal_i2c1_send_data1                      0x08004641   Thumb Code   156  lcd_oled.o(i.hal_i2c1_send_data1)
    main                                     0x080046ed   Thumb Code   282  main.o(i.main)
    peripherals_init                         0x080048d5   Thumb Code    72  port.o(i.peripherals_init)
    portGetTickCnt                           0x0800491d   Thumb Code     6  port.o(i.portGetTickCnt)
    pow                                      0x08004929   Thumb Code  2512  pow.o(i.pow)
    putc                                     0x08005301   Thumb Code     4  putc.o(i.putc)
    putchar                                  0x08005305   Thumb Code     6  putchar.o(i.putchar)
    readfromspi_serial                       0x08005311   Thumb Code   114  deca_spi.o(i.readfromspi_serial)
    reset_DW1000                             0x0800538d   Thumb Code    70  port.o(i.reset_DW1000)
    setup_DW1000ServerIRQ                    0x080053d9   Thumb Code    94  port.o(i.setup_DW1000ServerIRQ)
    spi_set_rate_high                        0x0800543d   Thumb Code     6  port.o(i.spi_set_rate_high)
    spi_set_rate_low                         0x08005443   Thumb Code     6  port.o(i.spi_set_rate_low)
    sqrt                                     0x08005449   Thumb Code    76  sqrt.o(i.sqrt)
    string_split                             0x08005495   Thumb Code    28  stm32_eval.o(i.string_split)
    usartinit                                0x080054b1   Thumb Code    42  port.o(i.usartinit)
    writetospi_serial                        0x080054dd   Thumb Code    90  deca_spi.o(i.writetospi_serial)
    COM_TX_PIN                               0x08005548   Data           4  stm32_eval.o(.constdata)
    COM_RX_PIN                               0x0800554c   Data           4  stm32_eval.o(.constdata)
    GPIO_PIN                                 0x08005556   Data           8  stm32_eval.o(.constdata)
    COM_USART_CLK                            0x08005560   Data           8  stm32_eval.o(.constdata)
    COM_TX_PORT_CLK                          0x08005568   Data           8  stm32_eval.o(.constdata)
    COM_RX_PORT_CLK                          0x08005570   Data           8  stm32_eval.o(.constdata)
    GPIO_CLK                                 0x08005578   Data          16  stm32_eval.o(.constdata)
    BUTTON_PIN                               0x08005588   Data          16  stm32_eval.o(.constdata)
    BUTTON_CLK                               0x08005598   Data          32  stm32_eval.o(.constdata)
    BUTTON_EXTI_LINE                         0x080055b8   Data          16  stm32_eval.o(.constdata)
    BUTTON_PORT_SOURCE                       0x080055c8   Data          16  stm32_eval.o(.constdata)
    BUTTON_PIN_SOURCE                        0x080055d8   Data          16  stm32_eval.o(.constdata)
    BUTTON_IRQn                              0x080055e8   Data          16  stm32_eval.o(.constdata)
    F8X16                                    0x080055f8   Data        1520  lcd_oled.o(.constdata)
    chan_idx                                 0x08005be8   Data           8  deca_params_init.o(.constdata)
    tx_config                                0x08005bf0   Data          24  deca_params_init.o(.constdata)
    pll2_config                              0x08005c08   Data          30  deca_params_init.o(.constdata)
    rx_config                                0x08005c26   Data           2  deca_params_init.o(.constdata)
    agc_config                               0x08005c28   Data           8  deca_params_init.o(.constdata)
    dwnsSFDlen                               0x08005c30   Data           3  deca_params_init.o(.constdata)
    sftsh                                    0x08005c34   Data          12  deca_params_init.o(.constdata)
    dtune1                                   0x08005c40   Data           4  deca_params_init.o(.constdata)
    digital_bb_config                        0x08005c44   Data          32  deca_params_init.o(.constdata)
    lde_replicaCoeff                         0x08005c64   Data          50  deca_params_init.o(.constdata)
    chan_idxnb                               0x08005c96   Data           8  deca_range_tables.o(.constdata)
    chan_idxwb                               0x08005c9e   Data           8  deca_range_tables.o(.constdata)
    range25cm16PRFnb                         0x08005ca6   Data         148  deca_range_tables.o(.constdata)
    range25cm16PRFwb                         0x08005d3a   Data         136  deca_range_tables.o(.constdata)
    range25cm64PRFnb                         0x08005dc2   Data         104  deca_range_tables.o(.constdata)
    range25cm64PRFwb                         0x08005e2a   Data         118  deca_range_tables.o(.constdata)
    __mathlib_zero                           0x08005f78   Data           8  qnan.o(.constdata)
    __ctype_table                            0x08005f80   Data         129  ctype_o.o(.constdata)
    Region$$Table$$Base                      0x08006078   Number         0  anon$$obj.o(Region$$Table)
    Region$$Table$$Limit                     0x08006098   Number         0  anon$$obj.o(Region$$Table)
    time32_incr                              0x20000004   Data           4  stm32f10x_it.o(.data)
    ANCHOR_REFRESH_COUNT_set                 0x20000010   Data           4  main.o(.data)
    SystemCoreClock                          0x200000b0   Data           4  system_stm32f10x.o(.data)
    AHBPrescTable                            0x200000b4   Data          16  system_stm32f10x.o(.data)
    SWITCH_DIS                               0x200000c4   Data           1  stm32_eval.o(.data)
    COM_USART                                0x200000cc   Data           8  stm32_eval.o(.data)
    COM_TX_PORT                              0x200000d4   Data           8  stm32_eval.o(.data)
    COM_RX_PORT                              0x200000dc   Data           8  stm32_eval.o(.data)
    GPIO_PORT                                0x200000e4   Data          16  stm32_eval.o(.data)
    BUTTON_PORT                              0x200000f4   Data          32  stm32_eval.o(.data)
    at_table                                 0x20000114   Data          80  stm32_eval.o(.data)
    UserSetNow                               0x20000164   Data           4  stm32_eval.o(.data)
    IIc_flag                                 0x20000168   Data           4  lcd_oled.o(.data)
    Hzk                                      0x2000016c   Data         448  lcd_oled.o(.data)
    TAG_ID                                   0x20000331   Data           1  lib.o(.data)
    MASTER_TAG                               0x20000332   Data           1  lib.o(.data)
    SLAVE_TAG_START_INDEX                    0x20000333   Data           1  lib.o(.data)
    ANCHOR_IND                               0x20000334   Data           1  lib.o(.data)
    Semaphore                                0x20000335   Data           1  lib.o(.data)
    __stdout                                 0x20000418   Data           4  stdout.o(.data)
    Value_Buf                                0x20000428   Data         100  main.o(.bss)
    filter_index                             0x2000048c   Data          20  main.o(.bss)
    AnchorList                               0x200004b8   Data        1080  main.o(.bss)
    Anthordistance                           0x200008f0   Data         180  main.o(.bss)
    Anthordistance_count                     0x200009a4   Data         180  main.o(.bss)
    I2C_InitStructure                        0x20000c58   Data          16  port.o(.bss)
    __initial_sp                             0x200012c0   Data           0  startup_stm32f10x_hd.o(STACK)



==============================================================================

Memory Map of the image

  Image Entry point : 0x08000131

  Load Region LR_IROM1 (Base: 0x08000000, Size: 0x000064bc, Max: 0x00010000, ABSOLUTE, COMPRESSED[0x00006234])

    Execution Region ER_IROM1 (Exec base: 0x08000000, Load base: 0x08000000, Size: 0x00006098, Max: 0x00010000, ABSOLUTE)

    Exec Addr    Load Addr    Size         Type   Attr      Idx    E Section Name        Object

    0x08000000   0x08000000   0x00000130   Data   RO         6408    RESET               STM3210E-EVAL.lib(startup_stm32f10x_hd.o)
    0x08000130   0x08000130   0x00000000   Code   RO         6010  * .ARM.Collect$$$$00000000  mc_w.l(entry.o)
    0x08000130   0x08000130   0x00000004   Code   RO         6362    .ARM.Collect$$$$00000001  mc_w.l(entry2.o)
    0x08000134   0x08000134   0x00000004   Code   RO         6365    .ARM.Collect$$$$00000004  mc_w.l(entry5.o)
    0x08000138   0x08000138   0x00000000   Code   RO         6367    .ARM.Collect$$$$00000008  mc_w.l(entry7b.o)
    0x08000138   0x08000138   0x00000000   Code   RO         6369    .ARM.Collect$$$$0000000A  mc_w.l(entry8b.o)
    0x08000138   0x08000138   0x00000008   Code   RO         6370    .ARM.Collect$$$$0000000B  mc_w.l(entry9a.o)
    0x08000140   0x08000140   0x00000004   Code   RO         6377    .ARM.Collect$$$$0000000E  mc_w.l(entry12b.o)
    0x08000144   0x08000144   0x00000000   Code   RO         6372    .ARM.Collect$$$$0000000F  mc_w.l(entry10a.o)
    0x08000144   0x08000144   0x00000000   Code   RO         6374    .ARM.Collect$$$$00000011  mc_w.l(entry11a.o)
    0x08000144   0x08000144   0x00000004   Code   RO         6363    .ARM.Collect$$$$00002712  mc_w.l(entry2.o)
    0x08000148   0x08000148   0x00000024   Code   RO         6024    .text               mc_w.l(memseta.o)
    0x0800016c   0x0800016c   0x00000024   Code   RO         6026    .text               mc_w.l(strstr.o)
    0x08000190   0x08000190   0x0000000e   Code   RO         6028    .text               mc_w.l(strlen.o)
    0x0800019e   0x0800019e   0x0000001a   Code   RO         6030    .text               mc_w.l(memcmp.o)
    0x080001b8   0x080001b8   0x00000044   Code   RO         6032    .text               mc_w.l(strtok.o)
    0x080001fc   0x080001fc   0x0000001a   Code   RO         6301    .text               mc_w.l(atoi.o)
    0x08000216   0x08000216   0x000000b0   Code   RO         6303    .text               mf_w.l(fadd.o)
    0x080002c6   0x080002c6   0x0000007c   Code   RO         6307    .text               mf_w.l(fdiv.o)
    0x08000342   0x08000342   0x0000014e   Code   RO         6309    .text               mf_w.l(dadd.o)
    0x08000490   0x08000490   0x000000e4   Code   RO         6311    .text               mf_w.l(dmul.o)
    0x08000574   0x08000574   0x000000de   Code   RO         6313    .text               mf_w.l(ddiv.o)
    0x08000652   0x08000652   0x0000002e   Code   RO         6315    .text               mf_w.l(dscalb.o)
    0x08000680   0x08000680   0x00000012   Code   RO         6317    .text               mf_w.l(fflti.o)
    0x08000692   0x08000692   0x0000000a   Code   RO         6319    .text               mf_w.l(ffltui.o)
    0x0800069c   0x0800069c   0x00000022   Code   RO         6321    .text               mf_w.l(dflti.o)
    0x080006be   0x080006be   0x0000001a   Code   RO         6323    .text               mf_w.l(dfltui.o)
    0x080006d8   0x080006d8   0x00000028   Code   RO         6325    .text               mf_w.l(dfltl.o)
    0x08000700   0x08000700   0x00000032   Code   RO         6327    .text               mf_w.l(ffixi.o)
    0x08000732   0x08000732   0x0000003e   Code   RO         6329    .text               mf_w.l(dfixi.o)
    0x08000770   0x08000770   0x0000004a   Code   RO         6331    .text               mf_w.l(dfixl.o)
    0x080007ba   0x080007ba   0x00000026   Code   RO         6333    .text               mf_w.l(f2d.o)
    0x080007e0   0x080007e0   0x00000030   Code   RO         6337    .text               mf_w.l(cdrcmple.o)
    0x08000810   0x08000810   0x00000038   Code   RO         6339    .text               mf_w.l(d2f.o)
    0x08000848   0x08000848   0x00000014   Code   RO         6341    .text               mf_w.l(cfrcmple.o)
    0x0800085c   0x0800085c   0x0000002c   Code   RO         6378    .text               mc_w.l(uidiv.o)
    0x08000888   0x08000888   0x00000062   Code   RO         6380    .text               mc_w.l(uldiv.o)
    0x080008ea   0x080008ea   0x0000001e   Code   RO         6382    .text               mc_w.l(llshl.o)
    0x08000908   0x08000908   0x00000020   Code   RO         6384    .text               mc_w.l(llushr.o)
    0x08000928   0x08000928   0x00000024   Code   RO         6386    .text               mc_w.l(llsshr.o)
    0x0800094c   0x0800094c   0x00000070   Code   RO         6395    .text               mc_w.l(strtol.o)
    0x080009bc   0x080009bc   0x00000000   Code   RO         6397    .text               mc_w.l(iusefp.o)
    0x080009bc   0x080009bc   0x0000006e   Code   RO         6398    .text               mf_w.l(fepilogue.o)
    0x08000a2a   0x08000a2a   0x000000ba   Code   RO         6400    .text               mf_w.l(depilogue.o)
    0x08000ae4   0x08000ae4   0x000000a2   Code   RO         6402    .text               mf_w.l(dsqrt.o)
    0x08000b86   0x08000b86   0x00000030   Code   RO         6404    .text               mf_w.l(dfixul.o)
    0x08000bb6   0x08000bb6   0x00000002   PAD
    0x08000bb8   0x08000bb8   0x00000024   Code   RO         6409    .text               STM3210E-EVAL.lib(startup_stm32f10x_hd.o)
    0x08000bdc   0x08000bdc   0x00000024   Code   RO         6413    .text               mc_w.l(init.o)
    0x08000c00   0x08000c00   0x00000008   Code   RO         6415    .text               mc_w.l(ctype_o.o)
    0x08000c08   0x08000c08   0x0000009e   Code   RO         6443    .text               mc_w.l(_strtoul.o)
    0x08000ca6   0x08000ca6   0x0000001c   Code   RO         6445    .text               mc_w.l(_chval.o)
    0x08000cc2   0x08000cc2   0x00000056   Code   RO         6455    .text               mc_w.l(__dczerorl2.o)
    0x08000d18   0x08000d18   0x000002c8   Code   RO         5794    i.ANTHOR_MEASURE    STM3210E-EVAL.lib(lib.o)
    0x08000fe0   0x08000fe0   0x0000001e   Code   RO         3420    i.AT_CmdFunc_ANCHOR_GPIOTEST  stm32_eval.o
    0x08000ffe   0x08000ffe   0x00000002   PAD
    0x08001000   0x08001000   0x000000cc   Code   RO         3421    i.AT_CmdFunc_ANCHOR_TAG  stm32_eval.o
    0x080010cc   0x080010cc   0x00000004   Code   RO         3422    i.AT_CmdFunc_AT     stm32_eval.o
    0x080010d0   0x080010d0   0x00000028   Code   RO         3423    i.AT_CmdFunc_FACTORY  stm32_eval.o
    0x080010f8   0x080010f8   0x00000034   Code   RO         3424    i.AT_CmdFunc_RST    stm32_eval.o
    0x0800112c   0x0800112c   0x0000004c   Code   RO         3425    i.AT_CmdFunc_TemHum  stm32_eval.o
    0x08001178   0x08001178   0x00000030   Code   RO         3426    i.AT_CmdFunc_XYZ    stm32_eval.o
    0x080011a8   0x080011a8   0x00000034   Code   RO         3427    i.AT_CmdFunc_interval  stm32_eval.o
    0x080011dc   0x080011dc   0x00000034   Code   RO         3428    i.AT_CmdFunc_ondis  stm32_eval.o
    0x08001210   0x08001210   0x00000038   Code   RO         3429    i.AT_CmdFunc_version  stm32_eval.o
    0x08001248   0x08001248   0x00000020   Code   RO          170    i.Anchor_Array_Init  main.o
    0x08001268   0x08001268   0x00000002   Code   RO            1    i.BusFault_Handler  stm32f10x_it.o
    0x0800126a   0x0800126a   0x00000002   Code   RO            2    i.DebugMon_Handler  stm32f10x_it.o
    0x0800126c   0x0800126c   0x00000058   Code   RO            3    i.EXTI1_IRQHandler  stm32f10x_it.o
    0x080012c4   0x080012c4   0x0000000c   Code   RO          743    i.EXTI_ClearITPendingBit  stm32f10x_exti.o
    0x080012d0   0x080012d0   0x00000014   Code   RO         4597    i.EXTI_GetITEnStatus  port.o
    0x080012e4   0x080012e4   0x00000020   Code   RO          747    i.EXTI_GetITStatus  stm32f10x_exti.o
    0x08001304   0x08001304   0x00000070   Code   RO          748    i.EXTI_Init         stm32f10x_exti.o
    0x08001374   0x08001374   0x0000003c   Code   RO         2429    i.FLASH_ErasePage   stm32f10x_flash.o
    0x080013b0   0x080013b0   0x00000028   Code   RO         2430    i.FLASH_GetBank1Status  stm32f10x_flash.o
    0x080013d8   0x080013d8   0x00000010   Code   RO         2439    i.FLASH_Lock        stm32f10x_flash.o
    0x080013e8   0x080013e8   0x00000034   Code   RO         2442    i.FLASH_ProgramHalfWord  stm32f10x_flash.o
    0x0800141c   0x0800141c   0x0000001a   Code   RO         3431    i.FLASH_ReadMoreData  stm32_eval.o
    0x08001436   0x08001436   0x00000002   PAD
    0x08001438   0x08001438   0x00000018   Code   RO         2447    i.FLASH_Unlock      stm32f10x_flash.o
    0x08001450   0x08001450   0x00000024   Code   RO         2451    i.FLASH_WaitForLastOperation  stm32f10x_flash.o
    0x08001474   0x08001474   0x00000058   Code   RO         3433    i.FLASH_WriteMoreData  stm32_eval.o
    0x080014cc   0x080014cc   0x000000ec   Code   RO         4598    i.GPIO_Configuration  port.o
    0x080015b8   0x080015b8   0x00000028   Code   RO          586    i.GPIO_EXTILineConfig  stm32f10x_gpio.o
    0x080015e0   0x080015e0   0x000000a2   Code   RO          589    i.GPIO_Init         stm32f10x_gpio.o
    0x08001682   0x08001682   0x00000002   PAD
    0x08001684   0x08001684   0x00000058   Code   RO          591    i.GPIO_PinRemapConfig  stm32f10x_gpio.o
    0x080016dc   0x080016dc   0x0000000e   Code   RO          593    i.GPIO_ReadInputDataBit  stm32f10x_gpio.o
    0x080016ea   0x080016ea   0x00000004   Code   RO          596    i.GPIO_ResetBits    stm32f10x_gpio.o
    0x080016ee   0x080016ee   0x00000004   Code   RO          597    i.GPIO_SetBits      stm32f10x_gpio.o
    0x080016f2   0x080016f2   0x00000004   Code   RO         3434    i.HAL_GetTick       stm32_eval.o
    0x080016f6   0x080016f6   0x00000002   PAD
    0x080016f8   0x080016f8   0x00000020   Code   RO            4    i.HardFault_Handler  stm32f10x_it.o
    0x08001718   0x08001718   0x00000014   Code   RO         1517    i.I2C_AcknowledgeConfig  stm32f10x_i2c.o
    0x0800172c   0x0800172c   0x00000018   Code   RO         1519    i.I2C_CheckEvent    stm32f10x_i2c.o
    0x08001744   0x08001744   0x00000014   Code   RO         1522    i.I2C_Cmd           stm32f10x_i2c.o
    0x08001758   0x08001758   0x0000002c   Code   RO         1525    i.I2C_DeInit        stm32f10x_i2c.o
    0x08001784   0x08001784   0x00000014   Code   RO         1529    i.I2C_GenerateSTART  stm32f10x_i2c.o
    0x08001798   0x08001798   0x00000014   Code   RO         1530    i.I2C_GenerateSTOP  stm32f10x_i2c.o
    0x080017ac   0x080017ac   0x0000002a   Code   RO         1531    i.I2C_GetFlagStatus  stm32f10x_i2c.o
    0x080017d6   0x080017d6   0x00000002   PAD
    0x080017d8   0x080017d8   0x000000bc   Code   RO         1536    i.I2C_Init          stm32f10x_i2c.o
    0x08001894   0x08001894   0x00000016   Code   RO         1537    i.I2C_NACKPositionConfig  stm32f10x_i2c.o
    0x080018aa   0x080018aa   0x00000006   Code   RO         1541    i.I2C_ReceiveData   stm32f10x_i2c.o
    0x080018b0   0x080018b0   0x00000010   Code   RO         1543    i.I2C_Send7bitAddress  stm32f10x_i2c.o
    0x080018c0   0x080018c0   0x00000004   Code   RO         1544    i.I2C_SendData      stm32f10x_i2c.o
    0x080018c4   0x080018c4   0x000000c8   Code   RO         4788    i.I2C_WriteOneByte  lcd_oled.o
    0x0800198c   0x0800198c   0x0000007c   Code   RO         4599    i.MX_I2C1_Init      port.o
    0x08001a08   0x08001a08   0x00000002   Code   RO            5    i.MemManage_Handler  stm32f10x_it.o
    0x08001a0a   0x08001a0a   0x00000002   Code   RO            6    i.NMI_Handler       stm32f10x_it.o
    0x08001a0c   0x08001a0c   0x00000064   Code   RO          703    i.NVIC_Init         misc.o
    0x08001a70   0x08001a70   0x00000014   Code   RO          704    i.NVIC_PriorityGroupConfig  misc.o
    0x08001a84   0x08001a84   0x00000020   Code   RO         4602    i.NVIC_SetPriority  port.o
    0x08001aa4   0x08001aa4   0x0000003c   Code   RO         4789    i.OLED_Clear        lcd_oled.o
    0x08001ae0   0x08001ae0   0x000000fa   Code   RO         4793    i.OLED_Init         lcd_oled.o
    0x08001bda   0x08001bda   0x0000002c   Code   RO         4794    i.OLED_Set_Pos      lcd_oled.o
    0x08001c06   0x08001c06   0x00000002   PAD
    0x08001c08   0x08001c08   0x00000064   Code   RO         4796    i.OLED_ShowChar     lcd_oled.o
    0x08001c6c   0x08001c6c   0x00000032   Code   RO         4798    i.OLED_ShowString   lcd_oled.o
    0x08001c9e   0x08001c9e   0x00000002   PAD
    0x08001ca0   0x08001ca0   0x0000002c   Code   RO         4799    i.OLED_WR_Byte      lcd_oled.o
    0x08001ccc   0x08001ccc   0x00000084   Code   RO         3437    i.PairGpioCheck     stm32_eval.o
    0x08001d50   0x08001d50   0x000000c2   Code   RO         3438    i.PairGpioCheckDB   stm32_eval.o
    0x08001e12   0x08001e12   0x00000002   Code   RO            7    i.PendSV_Handler    stm32f10x_it.o
    0x08001e14   0x08001e14   0x00000018   Code   RO          316    i.RCC_APB1PeriphClockCmd  stm32f10x_rcc.o
    0x08001e2c   0x08001e2c   0x00000018   Code   RO          317    i.RCC_APB1PeriphResetCmd  stm32f10x_rcc.o
    0x08001e44   0x08001e44   0x00000018   Code   RO          318    i.RCC_APB2PeriphClockCmd  stm32f10x_rcc.o
    0x08001e5c   0x08001e5c   0x00000018   Code   RO          319    i.RCC_APB2PeriphResetCmd  stm32f10x_rcc.o
    0x08001e74   0x08001e74   0x000000a0   Code   RO          326    i.RCC_GetClocksFreq  stm32f10x_rcc.o
    0x08001f14   0x08001f14   0x00000074   Code   RO         4800    i.SHT20_init        lcd_oled.o
    0x08001f88   0x08001f88   0x000000b8   Code   RO         4801    i.SHT20_read_hum    lcd_oled.o
    0x08002040   0x08002040   0x000000b8   Code   RO         4802    i.SHT20_read_tem    lcd_oled.o
    0x080020f8   0x080020f8   0x00000014   Code   RO         4606    i.SPI_ChangeRate    port.o
    0x0800210c   0x0800210c   0x00000014   Code   RO          804    i.SPI_Cmd           stm32f10x_spi.o
    0x08002120   0x08002120   0x000000b0   Code   RO         4608    i.SPI_Configuration  port.o
    0x080021d0   0x080021d0   0x00000054   Code   RO          811    i.SPI_I2S_DeInit    stm32f10x_spi.o
    0x08002224   0x08002224   0x0000000e   Code   RO          812    i.SPI_I2S_GetFlagStatus  stm32f10x_spi.o
    0x08002232   0x08002232   0x00000038   Code   RO          817    i.SPI_Init          stm32f10x_spi.o
    0x0800226a   0x0800226a   0x00000014   Code   RO          819    i.SPI_SSOutputCmd   stm32f10x_spi.o
    0x0800227e   0x0800227e   0x00000002   PAD
    0x08002280   0x08002280   0x000000d4   Code   RO         3444    i.STM_EVAL_COMInit  stm32_eval.o
    0x08002354   0x08002354   0x00000002   Code   RO            8    i.SVC_Handler       stm32f10x_it.o
    0x08002356   0x08002356   0x00000002   PAD
    0x08002358   0x08002358   0x000000a8   Code   RO         3391    i.SetSysClockTo72   system_stm32f10x.o
    0x08002400   0x08002400   0x00000044   Code   RO         4609    i.SysTick_Configuration  port.o
    0x08002444   0x08002444   0x00000010   Code   RO            9    i.SysTick_Handler   stm32f10x_it.o
    0x08002454   0x08002454   0x00000050   Code   RO         3393    i.SystemInit        system_stm32f10x.o
    0x080024a4   0x080024a4   0x00000028   Code   RO         3451    i.USART1_IRQHandler  stm32_eval.o
    0x080024cc   0x080024cc   0x00000006   Code   RO         1069    i.USART_ClearFlag   stm32f10x_usart.o
    0x080024d2   0x080024d2   0x00000014   Code   RO         1073    i.USART_Cmd         stm32f10x_usart.o
    0x080024e6   0x080024e6   0x0000000e   Code   RO         1076    i.USART_GetFlagStatus  stm32f10x_usart.o
    0x080024f4   0x080024f4   0x0000003e   Code   RO         1077    i.USART_GetITStatus  stm32f10x_usart.o
    0x08002532   0x08002532   0x00000030   Code   RO         1079    i.USART_ITConfig    stm32f10x_usart.o
    0x08002562   0x08002562   0x00000002   PAD
    0x08002564   0x08002564   0x000000ac   Code   RO         1080    i.USART_Init        stm32f10x_usart.o
    0x08002610   0x08002610   0x00000008   Code   RO         1087    i.USART_ReceiveData  stm32f10x_usart.o
    0x08002618   0x08002618   0x00000008   Code   RO         1090    i.USART_SendData    stm32f10x_usart.o
    0x08002620   0x08002620   0x00000018   Code   RO         4611    i.USART_puts        port.o
    0x08002638   0x08002638   0x00000002   Code   RO           10    i.UsageFault_Handler  stm32f10x_it.o
    0x0800263a   0x0800263a   0x00000002   PAD
    0x0800263c   0x0800263c   0x00000020   Code   RO         6273    i.__0printf         mc_w.l(printfa.o)
    0x0800265c   0x0800265c   0x00000028   Code   RO         6357    i.__ARM_fpclassify  m_ws.l(fpclassify.o)
    0x08002684   0x08002684   0x00000008   Code   RO         6388    i.__aeabi_errno_addr  mc_w.l(errno.o)
    0x0800268c   0x0800268c   0x000000aa   Code   RO         6359    i.__kernel_poly     m_ws.l(poly.o)
    0x08002736   0x08002736   0x00000002   PAD
    0x08002738   0x08002738   0x00000010   Code   RO         6343    i.__mathlib_dbl_divzero  m_ws.l(dunder.o)
    0x08002748   0x08002748   0x00000006   Code   RO         6344    i.__mathlib_dbl_infnan  m_ws.l(dunder.o)
    0x0800274e   0x0800274e   0x00000004   Code   RO         6345    i.__mathlib_dbl_infnan2  m_ws.l(dunder.o)
    0x08002752   0x08002752   0x0000000c   Code   RO         6346    i.__mathlib_dbl_invalid  m_ws.l(dunder.o)
    0x0800275e   0x0800275e   0x0000000e   Code   RO         6347    i.__mathlib_dbl_overflow  m_ws.l(dunder.o)
    0x0800276c   0x0800276c   0x00000010   Code   RO         6349    i.__mathlib_dbl_underflow  m_ws.l(dunder.o)
    0x0800277c   0x0800277c   0x0000000e   Code   RO         6449    i.__scatterload_copy  mc_w.l(handlers.o)
    0x0800278a   0x0800278a   0x00000002   Code   RO         6450    i.__scatterload_null  mc_w.l(handlers.o)
    0x0800278c   0x0800278c   0x0000000e   Code   RO         6451    i.__scatterload_zeroinit  mc_w.l(handlers.o)
    0x0800279a   0x0800279a   0x00000002   PAD
    0x0800279c   0x0800279c   0x0000000c   Code   RO         6390    i.__set_errno       mc_w.l(errno.o)
    0x080027a8   0x080027a8   0x00000030   Code   RO         4957    i._dwt_configlde    deca_device.o
    0x080027d8   0x080027d8   0x000000c2   Code   RO         4959    i._dwt_enableclocks  deca_device.o
    0x0800289a   0x0800289a   0x00000034   Code   RO         4960    i._dwt_loaducodefromrom  deca_device.o
    0x080028ce   0x080028ce   0x00000046   Code   RO         4962    i._dwt_otpread      deca_device.o
    0x08002914   0x08002914   0x00000184   Code   RO         6280    i._fp_digits        mc_w.l(printfa.o)
    0x08002a98   0x08002a98   0x000006b4   Code   RO         6281    i._printf_core      mc_w.l(printfa.o)
    0x0800314c   0x0800314c   0x00000024   Code   RO         6282    i._printf_post_padding  mc_w.l(printfa.o)
    0x08003170   0x08003170   0x0000002e   Code   RO         6283    i._printf_pre_padding  mc_w.l(printfa.o)
    0x0800319e   0x0800319e   0x00000002   PAD
    0x080031a0   0x080031a0   0x00000270   Code   RO         5983    i.asin              m_ws.l(asin.o)
    0x08003410   0x08003410   0x000000f4   Code   RO         3452    i.at_cmd_parse      stm32_eval.o
    0x08003504   0x08003504   0x0000006c   Code   RO         3453    i.at_cmd_recv       stm32_eval.o
    0x08003570   0x08003570   0x000001cc   Code   RO         3454    i.buo1DbGpio        stm32_eval.o
    0x0800373c   0x0800373c   0x00000098   Code   RO         3455    i.buo1Gpio          stm32_eval.o
    0x080037d4   0x080037d4   0x00000018   Code   RO         4518    i.deca_sleep        deca_sleep.o
    0x080037ec   0x080037ec   0x00000012   Code   RO         4490    i.decamutexoff      deca_mutex.o
    0x080037fe   0x080037fe   0x0000001a   Code   RO         4491    i.decamutexon       deca_mutex.o
    0x08003818   0x08003818   0x00000180   Code   RO         4803    i.drv_lis2dh12_get_angle  lcd_oled.o
    0x08003998   0x08003998   0x000000f8   Code   RO         4804    i.drv_lis2dh12_iic_read_byte  lcd_oled.o
    0x08003a90   0x08003a90   0x00000018   Code   RO         4805    i.drv_lis2dh12_iic_write_byte  lcd_oled.o
    0x08003aa8   0x08003aa8   0x00000046   Code   RO         4806    i.drv_lis2dh12_init  lcd_oled.o
    0x08003aee   0x08003aee   0x00000002   PAD
    0x08003af0   0x08003af0   0x00000218   Code   RO         4970    i.dwt_configure     deca_device.o
    0x08003d08   0x08003d08   0x0000001a   Code   RO         4976    i.dwt_enablegpioclocks  deca_device.o
    0x08003d22   0x08003d22   0x00000044   Code   RO         4977    i.dwt_enablegpioclocks1  deca_device.o
    0x08003d66   0x08003d66   0x00000024   Code   RO         4979    i.dwt_entersleepaftertx  deca_device.o
    0x08003d8a   0x08003d8a   0x00000002   PAD
    0x08003d8c   0x08003d8c   0x00000060   Code   RO         4980    i.dwt_forcetrxoff   deca_device.o
    0x08003dec   0x08003dec   0x00000014   Code   RO         4982    i.dwt_getgpiovalue  deca_device.o
    0x08003e00   0x08003e00   0x000000d8   Code   RO         5500    i.dwt_getrangebias  deca_range_tables.o
    0x08003ed8   0x08003ed8   0x000000d8   Code   RO         4985    i.dwt_initialise    deca_device.o
    0x08003fb0   0x08003fb0   0x00000026   Code   RO         4991    i.dwt_read16bitoffsetreg  deca_device.o
    0x08003fd6   0x08003fd6   0x00000026   Code   RO         4992    i.dwt_read32bitoffsetreg  deca_device.o
    0x08003ffc   0x08003ffc   0x00000008   Code   RO         4994    i.dwt_readdevid     deca_device.o
    0x08004004   0x08004004   0x0000003a   Code   RO         4997    i.dwt_readfromdevice  deca_device.o
    0x0800403e   0x0800403e   0x00000012   Code   RO         4998    i.dwt_readrxdata    deca_device.o
    0x08004050   0x08004050   0x0000000c   Code   RO         4999    i.dwt_readrxtimestamp  deca_device.o
    0x0800405c   0x0800405c   0x0000000c   Code   RO         5005    i.dwt_readtxtimestamp  deca_device.o
    0x08004068   0x08004068   0x00000050   Code   RO         5010    i.dwt_rxenable      deca_device.o
    0x080040b8   0x080040b8   0x00000022   Code   RO         5012    i.dwt_setGPIOdirection  deca_device.o
    0x080040da   0x080040da   0x00000022   Code   RO         5014    i.dwt_setGPIOvalue  deca_device.o
    0x080040fc   0x080040fc   0x00000034   Code   RO         5016    i.dwt_setautorxreenable  deca_device.o
    0x08004130   0x08004130   0x000000b8   Code   RO         5022    i.dwt_setleds       deca_device.o
    0x080041e8   0x080041e8   0x00000022   Code   RO         5025    i.dwt_setrxaftertxdelay  deca_device.o
    0x0800420a   0x0800420a   0x0000000c   Code   RO         5026    i.dwt_setrxantennadelay  deca_device.o
    0x08004216   0x08004216   0x00000002   PAD
    0x08004218   0x08004218   0x00000058   Code   RO         5028    i.dwt_setrxtimeout  deca_device.o
    0x08004270   0x08004270   0x0000000a   Code   RO         5030    i.dwt_settxantennadelay  deca_device.o
    0x0800427a   0x0800427a   0x00000002   PAD
    0x0800427c   0x0800427c   0x00000094   Code   RO         5033    i.dwt_starttx       deca_device.o
    0x08004310   0x08004310   0x00000034   Code   RO         5034    i.dwt_syncrxbufptrs  deca_device.o
    0x08004344   0x08004344   0x0000001a   Code   RO         5035    i.dwt_write16bitoffsetreg  deca_device.o
    0x0800435e   0x0800435e   0x0000001e   Code   RO         5036    i.dwt_write32bitoffsetreg  deca_device.o
    0x0800437c   0x0800437c   0x0000003e   Code   RO         5037    i.dwt_writetodevice  deca_device.o
    0x080043ba   0x080043ba   0x00000022   Code   RO         5038    i.dwt_writetxdata   deca_device.o
    0x080043dc   0x080043dc   0x0000001c   Code   RO         5039    i.dwt_writetxfctrl  deca_device.o
    0x080043f8   0x080043f8   0x00000030   Code   RO         5040    i.dwt_xtaltrim      deca_device.o
    0x08004428   0x08004428   0x0000001a   Code   RO         5797    i.final_msg_get_ts  STM3210E-EVAL.lib(lib.o)
    0x08004442   0x08004442   0x00000002   PAD
    0x08004444   0x08004444   0x0000002c   Code   RO          179    i.fputc             main.o
    0x08004470   0x08004470   0x00000026   Code   RO         5798    i.get_rx_timestamp_u64  STM3210E-EVAL.lib(lib.o)
    0x08004496   0x08004496   0x00000026   Code   RO         5799    i.get_tx_timestamp_u64  STM3210E-EVAL.lib(lib.o)
    0x080044bc   0x080044bc   0x00000150   Code   RO         4808    i.hal_i2c1_read_data  lcd_oled.o
    0x0800460c   0x0800460c   0x00000032   Code   RO         4809    i.hal_i2c1_send_data  lcd_oled.o
    0x0800463e   0x0800463e   0x00000002   PAD
    0x08004640   0x08004640   0x000000ac   Code   RO         4810    i.hal_i2c1_send_data1  lcd_oled.o
    0x080046ec   0x080046ec   0x000001e8   Code   RO          180    i.main              main.o
    0x080048d4   0x080048d4   0x00000048   Code   RO         4617    i.peripherals_init  port.o
    0x0800491c   0x0800491c   0x0000000c   Code   RO         4618    i.portGetTickCnt    port.o
    0x08004928   0x08004928   0x000009d8   Code   RO         5993    i.pow               m_ws.l(pow.o)
    0x08005300   0x08005300   0x00000004   Code   RO         6013    i.putc              mc_w.l(putc.o)
    0x08005304   0x08005304   0x0000000c   Code   RO         6015    i.putchar           mc_w.l(putchar.o)
    0x08005310   0x08005310   0x0000007c   Code   RO         4535    i.readfromspi_serial  deca_spi.o
    0x0800538c   0x0800538c   0x0000004c   Code   RO         4619    i.reset_DW1000      port.o
    0x080053d8   0x080053d8   0x00000064   Code   RO         4621    i.setup_DW1000ServerIRQ  port.o
    0x0800543c   0x0800543c   0x00000006   Code   RO         4622    i.spi_set_rate_high  port.o
    0x08005442   0x08005442   0x00000006   Code   RO         4623    i.spi_set_rate_low  port.o
    0x08005448   0x08005448   0x0000004c   Code   RO         6003    i.sqrt              m_ws.l(sqrt.o)
    0x08005494   0x08005494   0x0000001c   Code   RO         3458    i.string_split      stm32_eval.o
    0x080054b0   0x080054b0   0x0000002a   Code   RO         4624    i.usartinit         port.o
    0x080054da   0x080054da   0x00000002   PAD
    0x080054dc   0x080054dc   0x00000064   Code   RO         4536    i.writetospi_serial  deca_spi.o
    0x08005540   0x08005540   0x00000006   Data   RO          184    .constdata          main.o
    0x08005546   0x08005546   0x00000002   PAD
    0x08005548   0x08005548   0x000000b0   Data   RO         3460    .constdata          stm32_eval.o
    0x080055f8   0x080055f8   0x000005f0   Data   RO         4813    .constdata          lcd_oled.o
    0x08005be8   0x08005be8   0x00000008   Data   RO         5479    .constdata          deca_params_init.o
    0x08005bf0   0x08005bf0   0x00000018   Data   RO         5480    .constdata          deca_params_init.o
    0x08005c08   0x08005c08   0x0000001e   Data   RO         5481    .constdata          deca_params_init.o
    0x08005c26   0x08005c26   0x00000002   Data   RO         5482    .constdata          deca_params_init.o
    0x08005c28   0x08005c28   0x00000008   Data   RO         5483    .constdata          deca_params_init.o
    0x08005c30   0x08005c30   0x00000003   Data   RO         5484    .constdata          deca_params_init.o
    0x08005c33   0x08005c33   0x00000001   PAD
    0x08005c34   0x08005c34   0x0000000c   Data   RO         5485    .constdata          deca_params_init.o
    0x08005c40   0x08005c40   0x00000004   Data   RO         5486    .constdata          deca_params_init.o
    0x08005c44   0x08005c44   0x00000020   Data   RO         5487    .constdata          deca_params_init.o
    0x08005c64   0x08005c64   0x00000032   Data   RO         5488    .constdata          deca_params_init.o
    0x08005c96   0x08005c96   0x0000020a   Data   RO         5501    .constdata          deca_range_tables.o
    0x08005ea0   0x08005ea0   0x00000050   Data   RO         5984    .constdata          m_ws.l(asin.o)
    0x08005ef0   0x08005ef0   0x00000088   Data   RO         5994    .constdata          m_ws.l(pow.o)
    0x08005f78   0x08005f78   0x00000008   Data   RO         6361    .constdata          m_ws.l(qnan.o)
    0x08005f80   0x08005f80   0x00000081   Data   RO         6416    .constdata          mc_w.l(ctype_o.o)
    0x08006001   0x08006001   0x00000003   PAD
    0x08006004   0x08006004   0x00000004   Data   RO         6417    .constdata          mc_w.l(ctype_o.o)
    0x08006008   0x08006008   0x0000006f   Data   RO         3461    .conststring        stm32_eval.o
    0x08006077   0x08006077   0x00000001   PAD
    0x08006078   0x08006078   0x00000020   Data   RO         6447    Region$$Table       anon$$obj.o


    Execution Region RW_IRAM1 (Exec base: 0x20000000, Load base: 0x08006098, Size: 0x000012c0, Max: 0x00005000, ABSOLUTE, COMPRESSED[0x0000019c])

    Exec Addr    Load Addr    Size         Type   Attr      Idx    E Section Name        Object

    0x20000000   COMPRESSED   0x00000008   Data   RW           11    .data               stm32f10x_it.o
    0x20000008   COMPRESSED   0x00000094   Data   RW          185    .data               main.o
    0x2000009c   COMPRESSED   0x00000014   Data   RW          346    .data               stm32f10x_rcc.o
    0x200000b0   COMPRESSED   0x00000014   Data   RW         3394    .data               system_stm32f10x.o
    0x200000c4   COMPRESSED   0x000000a0   Data   RW         3462    .data               stm32_eval.o
    0x20000164   COMPRESSED   0x00000004   Data   RW         3463    .data               stm32_eval.o
    0x20000168   COMPRESSED   0x000001c4   Data   RW         4814    .data               lcd_oled.o
    0x2000032c   COMPRESSED   0x00000004   PAD
    0x20000330   COMPRESSED   0x000000e5   Data   RW         5802    .data               STM3210E-EVAL.lib(lib.o)
    0x20000415   COMPRESSED   0x00000003   PAD
    0x20000418   COMPRESSED   0x00000004   Data   RW         6017    .data               mc_w.l(stdout.o)
    0x2000041c   COMPRESSED   0x00000004   Data   RW         6033    .data               mc_w.l(strtok.o)
    0x20000420   COMPRESSED   0x00000004   Data   RW         6391    .data               mc_w.l(errno.o)
    0x20000424   COMPRESSED   0x00000004   PAD
    0x20000428        -       0x00000630   Zero   RW          181    .bss                main.o
    0x20000a58        -       0x00000200   Zero   RW         3459    .bss                stm32_eval.o
    0x20000c58        -       0x00000010   Zero   RW         4625    .bss                port.o
    0x20000c68        -       0x0000003c   Zero   RW         5041    .bss                deca_device.o
    0x20000ca4        -       0x00000018   Zero   RW         5801    .bss                STM3210E-EVAL.lib(lib.o)
    0x20000cbc   COMPRESSED   0x00000004   PAD
    0x20000cc0        -       0x00000600   Zero   RW         6406    STACK               STM3210E-EVAL.lib(startup_stm32f10x_hd.o)


==============================================================================

Image component sizes


      Code (inc. data)   RO Data    RW Data    ZI Data      Debug   Object Name

         0          0          0          0          0         32   core_cm3.o
      2502         98          0          0         60      28980   deca_device.o
        44          0          0          0          0      19936   deca_mutex.o
         0          0        173          0          0       1953   deca_params_init.o
       216         16        522          0          0       2335   deca_range_tables.o
        24          0          0          0          0        593   deca_sleep.o
       224         20          0          0          0       6101   deca_spi.o
      2516        236       1520        452          0      15380   lcd_oled.o
       564        216          6        148       1584     219972   main.o
       120         16          0          0          0       3707   misc.o
      1014         80          0          0         16      25331   port.o
      2302        526        287        164        512      45544   stm32_eval.o
       156         14          0          0          0       4984   stm32f10x_exti.o
       228         30          0          0          0      12607   stm32f10x_flash.o
       312         12          0          0          0      23204   stm32f10x_gpio.o
       426         16          0          0          0      18374   stm32f10x_i2c.o
       150         38          0          8          0      42895   stm32f10x_it.o
       256         44          0         20          0      15308   stm32f10x_rcc.o
       194         12          0          0          0      11736   stm32f10x_spi.o
       338          6          0          0          0      13927   stm32f10x_usart.o
       248         24          0         20          0       2005   system_stm32f10x.o

    ----------------------------------------------------------------------
     11868       1404       2544        816       2172     514904   Object Totals
         0          0         32          0          0          0   (incl. Generated)
        34          0          4          4          0          0   (incl. Padding)

    ----------------------------------------------------------------------

      Code (inc. data)   RO Data    RW Data    ZI Data      Debug   Library Member Name

       814         36          0        229         24      13846   lib.o
        36          8        304          0       1536        968   startup_stm32f10x_hd.o
       624         52         80          0          0        168   asin.o
        68         10          0          0          0        408   dunder.o
        40          0          0          0          0         68   fpclassify.o
       170          0          0          0          0         96   poly.o
      2520        190        136          0          0        324   pow.o
         0          0          8          0          0          0   qnan.o
        76          0          0          0          0         84   sqrt.o
        86          0          0          0          0          0   __dczerorl2.o
        28          0          0          0          0         68   _chval.o
       158          0          0          0          0         92   _strtoul.o
        26          0          0          0          0         80   atoi.o
         8          4        133          0          0         68   ctype_o.o
         0          0          0          0          0          0   entry.o
         0          0          0          0          0          0   entry10a.o
         0          0          0          0          0          0   entry11a.o
         4          0          0          0          0          0   entry12b.o
         8          4          0          0          0          0   entry2.o
         4          0          0          0          0          0   entry5.o
         0          0          0          0          0          0   entry7b.o
         0          0          0          0          0          0   entry8b.o
         8          4          0          0          0          0   entry9a.o
        20         10          0          4          0        136   errno.o
        30          0          0          0          0          0   handlers.o
        36          8          0          0          0         68   init.o
         0          0          0          0          0          0   iusefp.o
        30          0          0          0          0         68   llshl.o
        36          0          0          0          0         68   llsshr.o
        32          0          0          0          0         68   llushr.o
        26          0          0          0          0         80   memcmp.o
        36          0          0          0          0        108   memseta.o
      2218         90          0          0          0        464   printfa.o
         4          0          0          0          0         68   putc.o
        12          6          0          0          0         68   putchar.o
         0          0          0          4          0          0   stdout.o
        14          0          0          0          0         68   strlen.o
        36          0          0          0          0         80   strstr.o
        68          6          0          4          0         80   strtok.o
       112          0          0          0          0         88   strtol.o
        44          0          0          0          0         80   uidiv.o
        98          0          0          0          0         92   uldiv.o
        48          0          0          0          0         68   cdrcmple.o
        20          0          0          0          0         68   cfrcmple.o
        56          0          0          0          0         88   d2f.o
       334          0          0          0          0        148   dadd.o
       222          0          0          0          0        100   ddiv.o
       186          0          0          0          0        176   depilogue.o
        62          0          0          0          0         80   dfixi.o
        74          0          0          0          0         80   dfixl.o
        48          0          0          0          0         68   dfixul.o
        34          0          0          0          0         76   dflti.o
        40          0          0          0          0         80   dfltl.o
        26          0          0          0          0         76   dfltui.o
       228          0          0          0          0         96   dmul.o
        46          0          0          0          0         80   dscalb.o
       162          0          0          0          0        100   dsqrt.o
        38          0          0          0          0         68   f2d.o
       176          0          0          0          0        140   fadd.o
       124          0          0          0          0         88   fdiv.o
       110          0          0          0          0        168   fepilogue.o
        50          0          0          0          0         68   ffixi.o
        18          0          0          0          0         68   fflti.o
        10          0          0          0          0         68   ffltui.o

    ----------------------------------------------------------------------
      9652        428        664        244       1568      20006   Library Totals
        10          0          3          3          8          0   (incl. Padding)

    ----------------------------------------------------------------------

      Code (inc. data)   RO Data    RW Data    ZI Data      Debug   Library Name

       850         44        304        229       1560      14814   STM3210E-EVAL.lib
      3498        252        224          0          0       1148   m_ws.l
      3182        132        133         12          0       1992   mc_w.l
      2112          0          0          0          0       2052   mf_w.l

    ----------------------------------------------------------------------
      9652        428        664        244       1568      20006   Library Totals

    ----------------------------------------------------------------------

==============================================================================


      Code (inc. data)   RO Data    RW Data    ZI Data      Debug   

     21520       1832       3208       1060       3740     524066   Grand Totals
     21520       1832       3208        412       3740     524066   ELF Image Totals (compressed)
     21520       1832       3208        412          0          0   ROM Totals

==============================================================================

    Total RO  Size (Code + RO Data)                24728 (  24.15kB)
    Total RW  Size (RW Data + ZI Data)              4800 (   4.69kB)
    Total ROM Size (Code + RO Data + RW Data)      25140 (  24.55kB)

==============================================================================

